Archive member included to satisfy reference by file (symbol)

d:/intelfpga_lite/20.1/nios2eds/bin/gnu/h-x86_64-mingw32/bin/../lib/gcc/nios2-elf/10.1.1\libgcc.a(_muldi3.o)
                              obj/default/main.o (__muldi3)
d:/intelfpga_lite/20.1/nios2eds/bin/gnu/h-x86_64-mingw32/bin/../lib/gcc/nios2-elf/10.1.1\libgcc.a(_udivdi3.o)
                              obj/default/main.o (__udivdi3)
d:/intelfpga_lite/20.1/nios2eds/bin/gnu/h-x86_64-mingw32/bin/../lib/gcc/nios2-elf/10.1.1\libgcc.a(lib2-divmod.o)
                              obj/default/main.o (__divsi3)
d:/intelfpga_lite/20.1/nios2eds/bin/gnu/h-x86_64-mingw32/bin/../lib/gcc/nios2-elf/10.1.1\libgcc.a(_clz.o)
                              d:/intelfpga_lite/20.1/nios2eds/bin/gnu/h-x86_64-mingw32/bin/../lib/gcc/nios2-elf/10.1.1\libgcc.a(_udivdi3.o) (__clz_tab)
d:/intelfpga_lite/20.1/nios2eds/bin/gnu/h-x86_64-mingw32/bin/../lib/gcc/nios2-elf/10.1.1/../../../../../H-x86_64-mingw32/nios2-elf/lib\libsmallc.a(lib_a-printf.o)
                              obj/default/hdmi_config.o (printf)
d:/intelfpga_lite/20.1/nios2eds/bin/gnu/h-x86_64-mingw32/bin/../lib/gcc/nios2-elf/10.1.1/../../../../../H-x86_64-mingw32/nios2-elf/lib\libsmallc.a(lib_a-puts.o)
                              obj/default/hdmi_config.o (puts)
d:/intelfpga_lite/20.1/nios2eds/bin/gnu/h-x86_64-mingw32/bin/../lib/gcc/nios2-elf/10.1.1/../../../../../H-x86_64-mingw32/nios2-elf/lib\libsmallc.a(lib_a-strlen.o)
                              d:/intelfpga_lite/20.1/nios2eds/bin/gnu/h-x86_64-mingw32/bin/../lib/gcc/nios2-elf/10.1.1/../../../../../H-x86_64-mingw32/nios2-elf/lib\libsmallc.a(lib_a-puts.o) (strlen)
d:/intelfpga_lite/20.1/nios2eds/bin/gnu/h-x86_64-mingw32/bin/../lib/gcc/nios2-elf/10.1.1/../../../../../H-x86_64-mingw32/nios2-elf/lib\libsmallc.a(lib_a-vfprintf.o)
                              d:/intelfpga_lite/20.1/nios2eds/bin/gnu/h-x86_64-mingw32/bin/../lib/gcc/nios2-elf/10.1.1/../../../../../H-x86_64-mingw32/nios2-elf/lib\libsmallc.a(lib_a-printf.o) (___vfprintf_internal_r)
d:/intelfpga_lite/20.1/nios2eds/bin/gnu/h-x86_64-mingw32/bin/../lib/gcc/nios2-elf/10.1.1/../../../../../H-x86_64-mingw32/nios2-elf/lib\libsmallc.a(lib_a-fvwrite_small_dev.o)
                              d:/intelfpga_lite/20.1/nios2eds/bin/gnu/h-x86_64-mingw32/bin/../lib/gcc/nios2-elf/10.1.1/../../../../../H-x86_64-mingw32/nios2-elf/lib\libsmallc.a(lib_a-printf.o) (__sfvwrite_small_dev)
d:/intelfpga_lite/20.1/nios2eds/bin/gnu/h-x86_64-mingw32/bin/../lib/gcc/nios2-elf/10.1.1/../../../../../H-x86_64-mingw32/nios2-elf/lib\libsmallc.a(lib_a-impure.o)
                              d:/intelfpga_lite/20.1/nios2eds/bin/gnu/h-x86_64-mingw32/bin/../lib/gcc/nios2-elf/10.1.1/../../../../../H-x86_64-mingw32/nios2-elf/lib\libsmallc.a(lib_a-printf.o) (_impure_ptr)
d:/intelfpga_lite/20.1/nios2eds/bin/gnu/h-x86_64-mingw32/bin/../lib/gcc/nios2-elf/10.1.1/../../../../../H-x86_64-mingw32/nios2-elf/lib\libsmallc.a(lib_a-writer.o)
                              d:/intelfpga_lite/20.1/nios2eds/bin/gnu/h-x86_64-mingw32/bin/../lib/gcc/nios2-elf/10.1.1/../../../../../H-x86_64-mingw32/nios2-elf/lib\libsmallc.a(lib_a-fvwrite_small_dev.o) (_write_r)
d:/intelfpga_lite/20.1/nios2eds/bin/gnu/h-x86_64-mingw32/bin/../lib/gcc/nios2-elf/10.1.1/../../../../../H-x86_64-mingw32/nios2-elf/lib\libsmallc.a(lib_a-int_errno.o)
                              d:/intelfpga_lite/20.1/nios2eds/bin/gnu/h-x86_64-mingw32/bin/../lib/gcc/nios2-elf/10.1.1/../../../../../H-x86_64-mingw32/nios2-elf/lib\libsmallc.a(lib_a-writer.o) (errno)
c:/Workspace/quartus/video_processing/nios_software/nios_ddr3_test_bsp/\libhal_bsp.a(alt_dcache_flush_all.o)
                              obj/default/main.o (alt_dcache_flush_all)
c:/Workspace/quartus/video_processing/nios_software/nios_ddr3_test_bsp/\libhal_bsp.a(alt_load.o)
                              c:/Workspace/quartus/video_processing/nios_software/nios_ddr3_test_bsp//obj/HAL/src/crt0.o (alt_load)
c:/Workspace/quartus/video_processing/nios_software/nios_ddr3_test_bsp/\libhal_bsp.a(alt_main.o)
                              c:/Workspace/quartus/video_processing/nios_software/nios_ddr3_test_bsp//obj/HAL/src/crt0.o (alt_main)
c:/Workspace/quartus/video_processing/nios_software/nios_ddr3_test_bsp/\libhal_bsp.a(alt_tick.o)
                              obj/default/main.o (_alt_nticks)
c:/Workspace/quartus/video_processing/nios_software/nios_ddr3_test_bsp/\libhal_bsp.a(alt_usleep.o)
                              obj/default/hdmi_config.o (usleep)
c:/Workspace/quartus/video_processing/nios_software/nios_ddr3_test_bsp/\libhal_bsp.a(alt_write.o)
                              d:/intelfpga_lite/20.1/nios2eds/bin/gnu/h-x86_64-mingw32/bin/../lib/gcc/nios2-elf/10.1.1/../../../../../H-x86_64-mingw32/nios2-elf/lib\libsmallc.a(lib_a-writer.o) (write)
c:/Workspace/quartus/video_processing/nios_software/nios_ddr3_test_bsp/\libhal_bsp.a(alt_sys_init.o)
[...]
Memory Configuration

Name             Origin             Length             Attributes
reset            0x0000000000000000 0x0000000000000020
onchip_memory2_0 0x0000000000000020 0x0000000000018680
*default*        0x0000000000000000 0xffffffffffffffff

Linker script and memory map

LOAD c:/Workspace/quartus/video_processing/nios_software/nios_ddr3_test_bsp//obj/HAL/src/crt0.o
LOAD obj/default/hdmi_config.o
LOAD obj/default/main.o
LOAD obj/default/mem_verify.o
LOAD d:/intelfpga_lite/20.1/nios2eds/bin/gnu/h-x86_64-mingw32/bin/../lib/gcc/nios2-elf/10.1.1/../../../../../H-x86_64-mingw32/nios2-elf/lib\libstdc++.a
LOAD d:/intelfpga_lite/20.1/nios2eds/bin/gnu/h-x86_64-mingw32/bin/../lib/gcc/nios2-elf/10.1.1/../../../../../H-x86_64-mingw32/nios2-elf/lib\libm.a
LOAD d:/intelfpga_lite/20.1/nios2eds/bin/gnu/h-x86_64-mingw32/bin/../lib/gcc/nios2-elf/10.1.1\libgcc.a
START GROUP
LOAD d:/intelfpga_lite/20.1/nios2eds/bin/gnu/h-x86_64-mingw32/bin/../lib/gcc/nios2-elf/10.1.1/../../../../../H-x86_64-mingw32/nios2-elf/lib\libsmallc.a
LOAD d:/intelfpga_lite/20.1/nios2eds/bin/gnu/h-x86_64-mingw32/bin/../lib/gcc/nios2-elf/10.1.1\libgcc.a
LOAD c:/Workspace/quartus/video_processing/nios_software/nios_ddr3_test_bsp/\libhal_bsp.a
LOAD d:/intelfpga_lite/20.1/nios2eds/bin/gnu/h-x86_64-mingw32/bin/../lib/gcc/nios2-elf/10.1.1/../../../../../H-x86_64-mingw32/nios2-elf/lib\libm.a
END GROUP
LOAD d:/intelfpga_lite/20.1/nios2eds/bin/gnu/h-x86_64-mingw32/bin/../lib/gcc/nios2-elf/10.1.1\libgcc.a
                0x0000000000000000                __alt_mem_onchip_memory2_0 = 0x0

.entry          0x0000000000000000       0x20
 *(.entry)
 .entry         0x0000000000000000       0x20 c:/Workspace/quartus/video_processing/nios_software/nios_ddr3_test_bsp//obj/HAL/src/crt0.o
                0x0000000000000000                __reset

.exceptions     0x0000000000000020      0x218
                0x0000000000000020                PROVIDE (__ram_exceptions_start = ABSOLUTE (.))
                0x0000000000000020                . = ALIGN (0x20)
 *(.irq)
 *(.exceptions.entry.label)
 .exceptions.entry.label
                0x0000000000000020        0x0 c:/Workspace/quartus/video_processing/nios_software/nios_ddr3_test_bsp/\libhal_bsp.a(alt_irq_entry.o)
                0x0000000000000020                alt_irq_entry
 .exceptions.entry.label
                0x0000000000000020        0x0 c:/Workspace/quartus/video_processing/nios_software/nios_ddr3_test_bsp/\libhal_bsp.a(alt_exception_entry.o)
                0x0000000000000020                alt_exception
 *(.exceptions.entry.user)
 *(.exceptions.entry.ecc_fatal)
 *(.exceptions.entry)
 .exceptions.entry
                0x0000000000000020       0x54 c:/Workspace/quartus/video_processing/nios_software/nios_ddr3_test_bsp/\libhal_bsp.a(alt_exception_entry.o)
 *(.exceptions.irqtest.user)
 *(.exceptions.irqtest)
 .exceptions.irqtest
                0x0000000000000074       0x10 c:/Workspace/quartus/video_processing/nios_software/nios_ddr3_test_bsp/\libhal_bsp.a(alt_irq_entry.o)
 *(.exceptions.irqhandler.user)
 *(.exceptions.irqhandler)
 .exceptions.irqhandler
                0x0000000000000084        0x4 c:/Workspace/quartus/video_processing/nios_software/nios_ddr3_test_bsp/\libhal_bsp.a(alt_irq_entry.o)
 *(.exceptions.irqreturn.user)
 *(.exceptions.irqreturn)
 .exceptions.irqreturn
                0x0000000000000088        0x4 c:/Workspace/quartus/video_processing/nios_software/nios_ddr3_test_bsp/\libhal_bsp.a(alt_irq_entry.o)
 *(.exceptions.notirq.label)
 .exceptions.notirq.label
                0x000000000000008c        0x0 c:/Workspace/quartus/video_processing/nios_software/nios_ddr3_test_bsp/\libhal_bsp.a(alt_irq_entry.o)
 *(.exceptions.notirq.user)
 *(.exceptions.notirq)
 .exceptions.notirq
                0x000000000000008c        0x8 c:/Workspace/quartus/video_processing/nios_software/nios_ddr3_test_bsp/\libhal_bsp.a(alt_exception_entry.o)
 *(.exceptions.soft.user)
 *(.exceptions.soft)
 *(.exceptions.unknown.user)
 *(.exceptions.unknown)
 .exceptions.unknown
                0x0000000000000094       0x14 c:/Workspace/quartus/video_processing/nios_software/nios_ddr3_test_bsp/\libhal_bsp.a(alt_exception_entry.o)
 *(.exceptions.exit.label)
 .exceptions.exit.label
                0x00000000000000a8        0x0 c:/Workspace/quartus/video_processing/nios_software/nios_ddr3_test_bsp/\libhal_bsp.a(alt_irq_entry.o)
 .exceptions.exit.label
                0x00000000000000a8        0x0 c:/Workspace/quartus/video_processing/nios_software/nios_ddr3_test_bsp/\libhal_bsp.a(alt_exception_entry.o)
 *(.exceptions.exit.user)
 *(.exceptions.exit)
 .exceptions.exit
                0x00000000000000a8       0x54 c:/Workspace/quartus/video_processing/nios_software/nios_ddr3_test_bsp/\libhal_bsp.a(alt_exception_entry.o)
 *(.exceptions)
 .exceptions    0x00000000000000fc       0xc8 c:/Workspace/quartus/video_processing/nios_software/nios_ddr3_test_bsp/\libhal_bsp.a(alt_irq_handler.o)
                0x00000000000000fc                alt_irq_handler
 .exceptions    0x00000000000001c4       0x74 c:/Workspace/quartus/video_processing/nios_software/nios_ddr3_test_bsp/\libhal_bsp.a(alt_instruction_exception_entry.o)
                0x00000000000001c4                alt_instruction_exception_entry
                0x0000000000000238                PROVIDE (__ram_exceptions_end = ABSOLUTE (.))
                0x0000000000000020                PROVIDE (__flash_exceptions_start = LOADADDR (.exceptions))

.text           0x0000000000000238     0x5a2c
                [!provide]                        PROVIDE (stext = ABSOLUTE (.))
 *(.interp)
 *(.hash)
 *(.dynsym)
 *(.dynstr)
 *(.gnu.version)
 *(.gnu.version_d)
 *(.gnu.version_r)
 *(.rel.init)
 *(.rela.init)
 *(.rel.text .rel.text.* .rel.gnu.linkonce.t.*)
 *(.rela.text .rela.text.* .rela.gnu.linkonce.t.*)
 *(.rel.fini)
 *(.rela.fini)
 *(.rel.rodata .rel.rodata.* .rel.gnu.linkonce.r.*)
 *(.rela.rodata .rela.rodata.* .rela.gnu.linkonce.r.*)
 *(.rel.data .rel.data.* .rel.gnu.linkonce.d.*)
 *(.rela.data .rela.data.* .rela.gnu.linkonce.d.*)
 *(.rel.tdata .rel.tdata.* .rel.gnu.linkonce.td.*)
 *(.rela.tdata .rela.tdata.* .rela.gnu.linkonce.td.*)
 *(.rel.tbss .rel.tbss.* .rel.gnu.linkonce.tb.*)
 *(.rela.tbss .rela.tbss.* .rela.gnu.linkonce.tb.*)
 *(.rel.ctors)
 *(.rela.ctors)
 *(.rel.dtors)
 *(.rela.dtors)
 *(.rel.got)
 *(.rela.got)
 *(.rel.sdata .rel.sdata.* .rel.gnu.linkonce.s.*)
 *(.rela.sdata .rela.sdata.* .rela.gnu.linkonce.s.*)
 *(.rel.sbss .rel.sbss.* .rel.gnu.linkonce.sb.*)
 *(.rela.sbss .rela.sbss.* .rela.gnu.linkonce.sb.*)
 *(.rel.sdata2 .rel.sdata2.* .rel.gnu.linkonce.s2.*)
 *(.rela.sdata2 .rela.sdata2.* .rela.gnu.linkonce.s2.*)
 *(.rel.sbss2 .rel.sbss2.* .rel.gnu.linkonce.sb2.*)
 *(.rela.sbss2 .rela.sbss2.* .rela.gnu.linkonce.sb2.*)
 *(.rel.bss .rel.bss.* .rel.gnu.linkonce.b.*)
 *(.rela.bss .rela.bss.* .rela.gnu.linkonce.b.*)
 *(.rel.plt)
 *(.rela.plt)
 *(.rel.dyn)
 *(.init)
 *(.plt)
 *(.text .stub .text.* .gnu.linkonce.t.*)
 .text          0x0000000000000238       0x4c c:/Workspace/quartus/video_processing/nios_software/nios_ddr3_test_bsp//obj/HAL/src/crt0.o
                0x0000000000000238                _start
 .text          0x0000000000000284      0x214 obj/default/hdmi_config.o
                0x0000000000000284                hdmi_i2c_write
                0x00000000000002fc                hdmi_init
 .text          0x0000000000000498      0xee8 obj/default/main.o
                0x0000000000000498                get_char_polled
                0x00000000000004d0                get_char_async
                0x0000000000000510                get_total_cycles
                0x0000000000000620                run_ocm_to_ddr_test
                0x0000000000000a6c                run_ddr_to_ddr_test
                0x0000000000000f80                generate_color_bar_pattern
                0x00000000000010e0                print_menu
                0x0000000000001168                run_interactive_menu
                0x000000000000125c                main
 .text          0x0000000000001380        0x0 obj/default/mem_verify.o
 .text          0x0000000000001380       0x60 d:/intelfpga_lite/20.1/nios2eds/bin/gnu/h-x86_64-mingw32/bin/../lib/gcc/nios2-elf/10.1.1\libgcc.a(_muldi3.o)
                0x0000000000001380                __muldi3
 .text          0x00000000000013e0      0x590 d:/intelfpga_lite/20.1/nios2eds/bin/gnu/h-x86_64-mingw32/bin/../lib/gcc/nios2-elf/10.1.1\libgcc.a(_udivdi3.o)
                0x00000000000013e0                __udivdi3
 .text          0x0000000000001970      0x1b4 d:/intelfpga_lite/20.1/nios2eds/bin/gnu/h-x86_64-mingw32/bin/../lib/gcc/nios2-elf/10.1.1\libgcc.a(lib2-divmod.o)
                0x0000000000001970                __divsi3
                0x00000000000019f0                __modsi3
                0x0000000000001a64                __udivsi3
                0x0000000000001ac8                __umodsi3
 .text          0x0000000000001b24        0x0 d:/intelfpga_lite/20.1/nios2eds/bin/gnu/h-x86_64-mingw32/bin/../lib/gcc/nios2-elf/10.1.1\libgcc.a(_clz.o)
 .text          0x0000000000001b24        0x0 d:/intelfpga_lite/20.1/nios2eds/bin/gnu/h-x86_64-mingw32/bin/../lib/gcc/nios2-elf/10.1.1/../../../../../H-x86_64-mingw32/nios2-elf/lib\libsmallc.a(lib_a-printf.o)
 .text._printf_r
                0x0000000000001b24       0x3c d:/intelfpga_lite/20.1/nios2eds/bin/gnu/h-x86_64-mingw32/bin/../lib/gcc/nios2-elf/10.1.1/../../../../../H-x86_64-mingw32/nios2-elf/lib\libsmallc.a(lib_a-printf.o)
                0x0000000000001b24                _printf_r
 .text.printf   0x0000000000001b60       0x48 d:/intelfpga_lite/20.1/nios2eds/bin/gnu/h-x86_64-mingw32/bin/../lib/gcc/nios2-elf/10.1.1/../../../../../H-x86_64-mingw32/nios2-elf/lib\libsmallc.a(lib_a-printf.o)
                0x0000000000001b60                printf
 .text          0x0000000000001ba8        0x0 d:/intelfpga_lite/20.1/nios2eds/bin/gnu/h-x86_64-mingw32/bin/../lib/gcc/nios2-elf/10.1.1/../../../../../H-x86_64-mingw32/nios2-elf/lib\libsmallc.a(lib_a-puts.o)
 .text._puts_r  0x0000000000001ba8       0x80 d:/intelfpga_lite/20.1/nios2eds/bin/gnu/h-x86_64-mingw32/bin/../lib/gcc/nios2-elf/10.1.1/../../../../../H-x86_64-mingw32/nios2-elf/lib\libsmallc.a(lib_a-puts.o)
                0x0000000000001ba8                _puts_r
 .text.puts     0x0000000000001c28       0x10 d:/intelfpga_lite/20.1/nios2eds/bin/gnu/h-x86_64-mingw32/bin/../lib/gcc/nios2-elf/10.1.1/../../../../../H-x86_64-mingw32/nios2-elf/lib\libsmallc.a(lib_a-puts.o)
                0x0000000000001c28                puts
 .text          0x0000000000001c38        0x0 d:/intelfpga_lite/20.1/nios2eds/bin/gnu/h-x86_64-mingw32/bin/../lib/gcc/nios2-elf/10.1.1/../../../../../H-x86_64-mingw32/nios2-elf/lib\libsmallc.a(lib_a-strlen.o)
 .text.strlen   0x0000000000001c38       0x1c d:/intelfpga_lite/20.1/nios2eds/bin/gnu/h-x86_64-mingw32/bin/../lib/gcc/nios2-elf/10.1.1/../../../../../H-x86_64-mingw32/nios2-elf/lib\libsmallc.a(lib_a-strlen.o)
                0x0000000000001c38                strlen
 .text          0x0000000000001c54        0x0 d:/intelfpga_lite/20.1/nios2eds/bin/gnu/h-x86_64-mingw32/bin/../lib/gcc/nios2-elf/10.1.1/../../../../../H-x86_64-mingw32/nios2-elf/lib\libsmallc.a(lib_a-vfprintf.o)
 .text.print_repeat
                0x0000000000001c54       0x6c d:/intelfpga_lite/20.1/nios2eds/bin/gnu/h-x86_64-mingw32/bin/../lib/gcc/nios2-elf/10.1.1/../../../../../H-x86_64-mingw32/nios2-elf/lib\libsmallc.a(lib_a-vfprintf.o)
 .text.___vfprintf_internal_r
                0x0000000000001cc0      0x4ec d:/intelfpga_lite/20.1/nios2eds/bin/gnu/h-x86_64-mingw32/bin/../lib/gcc/nios2-elf/10.1.1/../../../../../H-x86_64-mingw32/nios2-elf/lib\libsmallc.a(lib_a-vfprintf.o)
                0x0000000000001cc0                ___vfprintf_internal_r
 .text.__vfprintf_internal
                0x00000000000021ac       0x18 d:/intelfpga_lite/20.1/nios2eds/bin/gnu/h-x86_64-mingw32/bin/../lib/gcc/nios2-elf/10.1.1/../../../../../H-x86_64-mingw32/nios2-elf/lib\libsmallc.a(lib_a-vfprintf.o)
                0x00000000000021ac                __vfprintf_internal
 .text          0x00000000000021c4        0x0 d:/intelfpga_lite/20.1/nios2eds/bin/gnu/h-x86_64-mingw32/bin/../lib/gcc/nios2-elf/10.1.1/../../../../../H-x86_64-mingw32/nios2-elf/lib\libsmallc.a(lib_a-fvwrite_small_dev.o)
 .text.__sfvwrite_small_dev
                0x00000000000021c4       0xa8 d:/intelfpga_lite/20.1/nios2eds/bin/gnu/h-x86_64-mingw32/bin/../lib/gcc/nios2-elf/10.1.1/../../../../../H-x86_64-mingw32/nios2-elf/lib\libsmallc.a(lib_a-fvwrite_small_dev.o)
                0x00000000000021c4                __sfvwrite_small_dev
 .text          0x000000000000226c        0x0 d:/intelfpga_lite/20.1/nios2eds/bin/gnu/h-x86_64-mingw32/bin/../lib/gcc/nios2-elf/10.1.1/../../../../../H-x86_64-mingw32/nios2-elf/lib\libsmallc.a(lib_a-impure.o)
 .text          0x000000000000226c        0x0 d:/intelfpga_lite/20.1/nios2eds/bin/gnu/h-x86_64-mingw32/bin/../lib/gcc/nios2-elf/10.1.1/../../../../../H-x86_64-mingw32/nios2-elf/lib\libsmallc.a(lib_a-writer.o)
 .text._write_r
                0x000000000000226c       0x50 d:/intelfpga_lite/20.1/nios2eds/bin/gnu/h-x86_64-mingw32/bin/../lib/gcc/nios2-elf/10.1.1/../../../../../H-x86_64-mingw32/nios2-elf/lib\libsmallc.a(lib_a-writer.o)
                0x000000000000226c                _write_r
 .text          0x00000000000022bc        0x0 d:/intelfpga_lite/20.1/nios2eds/bin/gnu/h-x86_64-mingw32/bin/../lib/gcc/nios2-elf/10.1.1/../../../../../H-x86_64-mingw32/nios2-elf/lib\libsmallc.a(lib_a-int_errno.o)
 .text          0x00000000000022bc       0x4c c:/Workspace/quartus/video_processing/nios_software/nios_ddr3_test_bsp/\libhal_bsp.a(alt_dcache_flush_all.o)
                0x00000000000022bc                alt_dcache_flush_all
 .text          0x0000000000002308       0xec c:/Workspace/quartus/video_processing/nios_software/nios_ddr3_test_bsp/\libhal_bsp.a(alt_load.o)
                0x0000000000002370                alt_load
 .text          0x00000000000023f4       0x7c c:/Workspace/quartus/video_processing/nios_software/nios_ddr3_test_bsp/\libhal_bsp.a(alt_main.o)
                0x00000000000023f4                alt_main
 .text          0x0000000000002470      0x1ac c:/Workspace/quartus/video_processing/nios_software/nios_ddr3_test_bsp/\libhal_bsp.a(alt_tick.o)
                0x0000000000002470                alt_alarm_stop
                0x0000000000002514                alt_tick
 .text          0x000000000000261c       0x30 c:/Workspace/quartus/video_processing/nios_software/nios_ddr3_test_bsp/\libhal_bsp.a(alt_usleep.o)
                0x000000000000261c                usleep
 .text          0x000000000000264c      0x140 c:/Workspace/quartus/video_processing/nios_software/nios_ddr3_test_bsp/\libhal_bsp.a(alt_write.o)
                0x0000000000002694                write
 .text          0x000000000000278c       0xcc c:/Workspace/quartus/video_processing/nios_software/nios_ddr3_test_bsp/\libhal_bsp.a(alt_sys_init.o)
                0x00000000000027c4                alt_irq_init
                0x0000000000002800                alt_sys_init
 .text          0x0000000000002858     0x1c14 c:/Workspace/quartus/video_processing/nios_software/nios_ddr3_test_bsp/\libhal_bsp.a(altera_avalon_i2c.o)
                0x0000000000002968                alt_avalon_i2c_register_optional_irq_handler
                0x0000000000002a58                alt_avalon_i2c_register_callback
                0x0000000000002aac                alt_avalon_i2c_init
                0x0000000000002b98                alt_avalon_i2c_open
                0x0000000000002bd8                alt_avalon_i2c_enable
                0x0000000000002c70                alt_avalon_i2c_disable
                0x0000000000002cbc                alt_avalon_i2c_master_config_get
                0x0000000000002d6c                alt_avalon_i2c_master_config_set
                0x0000000000002e38                alt_avalon_i2c_master_config_speed_get
                0x0000000000002ecc                alt_avalon_i2c_master_config_speed_set
                0x0000000000002fc8                alt_avalon_i2c_is_busy
                0x000000000000300c                alt_avalon_i2c_rx_read_available
                0x00000000000030b8                alt_avalon_i2c_rx_read
                0x0000000000003160                alt_avalon_i2c_cmd_write
                0x000000000000324c                alt_avalon_i2c_send_address
                0x000000000000333c                alt_avalon_i2c_master_target_get
                0x0000000000003374                alt_avalon_i2c_master_target_set
                0x00000000000033a8                alt_avalon_i2c_check_nack
                0x00000000000033f4                alt_avalon_i2c_check_arblost
                0x0000000000003440                alt_avalon_i2c_interrupt_transaction_status
                0x0000000000003574                alt_avalon_i2c_master_tx
                0x000000000000365c                alt_avalon_i2c_master_rx
                0x0000000000003798                alt_avalon_i2c_master_tx_rx
                0x0000000000003960                alt_avalon_i2c_master_transmit
                0x0000000000003b1c                alt_avalon_i2c_master_transmit_using_interrupts
                0x0000000000003d24                alt_avalon_i2c_master_receive
                0x0000000000003f30                alt_avalon_i2c_master_receive_using_interrupts
                0x000000000000411c                alt_avalon_i2c_int_status_get
                0x0000000000004174                alt_avalon_i2c_int_raw_status_get
                0x00000000000041b8                alt_avalon_i2c_int_clear
                0x00000000000041f4                alt_avalon_i2c_int_disable
                0x0000000000004260                alt_avalon_i2c_int_enable
                0x00000000000042c8                alt_avalon_i2c_enabled_ints_get
                0x000000000000430c                alt_avalon_i2c_rx_fifo_threshold_get
                0x0000000000004358                alt_avalon_i2c_rx_fifo_threshold_set
                0x00000000000043bc                alt_avalon_i2c_tfr_cmd_fifo_threshold_get
                0x0000000000004408                alt_avalon_i2c_tfr_cmd_fifo_threshold_set
 .text          0x000000000000446c       0xc0 c:/Workspace/quartus/video_processing/nios_software/nios_ddr3_test_bsp/\libhal_bsp.a(altera_avalon_jtag_uart_fd.o)
                0x000000000000446c                altera_avalon_jtag_uart_read_fd
                0x00000000000044cc                altera_avalon_jtag_uart_write_fd
 .text          0x000000000000452c       0xec c:/Workspace/quartus/video_processing/nios_software/nios_ddr3_test_bsp/\libhal_bsp.a(altera_avalon_jtag_uart_read.o)
                0x000000000000452c                altera_avalon_jtag_uart_read
 .text          0x0000000000004618       0x94 c:/Workspace/quartus/video_processing/nios_software/nios_ddr3_test_bsp/\libhal_bsp.a(altera_avalon_jtag_uart_write.o)
                0x0000000000004618                altera_avalon_jtag_uart_write
 .text          0x00000000000046ac      0x108 c:/Workspace/quartus/video_processing/nios_software/nios_ddr3_test_bsp/\libhal_bsp.a(altera_avalon_timer_sc.o)
                0x0000000000004728                alt_avalon_timer_sc_init
 .text          0x00000000000047b4      0x158 c:/Workspace/quartus/video_processing/nios_software/nios_ddr3_test_bsp/\libhal_bsp.a(alt_busy_sleep.o)
                0x00000000000047b4                alt_busy_sleep
 .text          0x000000000000490c      0x118 c:/Workspace/quartus/video_processing/nios_software/nios_ddr3_test_bsp/\libhal_bsp.a(alt_close.o)
                0x0000000000004954                close
 .text          0x0000000000004a24       0x2c c:/Workspace/quartus/video_processing/nios_software/nios_ddr3_test_bsp/\libhal_bsp.a(alt_dev.o)
 .text          0x0000000000004a50       0xf0 c:/Workspace/quartus/video_processing/nios_software/nios_ddr3_test_bsp/\libhal_bsp.a(alt_dev_llist_insert.o)
                0x0000000000004a98                alt_dev_llist_insert
 .text          0x0000000000004b40       0x64 c:/Workspace/quartus/video_processing/nios_software/nios_ddr3_test_bsp/\libhal_bsp.a(alt_do_ctors.o)
                0x0000000000004b40                _do_ctors
 .text          0x0000000000004ba4       0x64 c:/Workspace/quartus/video_processing/nios_software/nios_ddr3_test_bsp/\libhal_bsp.a(alt_do_dtors.o)
                0x0000000000004ba4                _do_dtors
 .text          0x0000000000004c08        0x0 c:/Workspace/quartus/video_processing/nios_software/nios_ddr3_test_bsp/\libhal_bsp.a(alt_errno.o)
 .text          0x0000000000004c08       0x90 c:/Workspace/quartus/video_processing/nios_software/nios_ddr3_test_bsp/\libhal_bsp.a(alt_find_dev.o)
                0x0000000000004c08                alt_find_dev
 .text          0x0000000000004c98       0x34 c:/Workspace/quartus/video_processing/nios_software/nios_ddr3_test_bsp/\libhal_bsp.a(alt_icache_flush_all.o)
                0x0000000000004c98                alt_icache_flush_all
 .text          0x0000000000004ccc      0x1c8 c:/Workspace/quartus/video_processing/nios_software/nios_ddr3_test_bsp/\libhal_bsp.a(alt_iic.o)
                0x0000000000004ccc                alt_ic_isr_register
                0x0000000000004d1c                alt_ic_irq_enable
                0x0000000000004db0                alt_ic_irq_disable
                0x0000000000004e48                alt_ic_irq_enabled
 .text          0x0000000000004e94       0xe8 c:/Workspace/quartus/video_processing/nios_software/nios_ddr3_test_bsp/\libhal_bsp.a(alt_iic_isr_register.o)
                0x0000000000004e94                alt_iic_isr_register
 .text          0x0000000000004f7c      0x12c c:/Workspace/quartus/video_processing/nios_software/nios_ddr3_test_bsp/\libhal_bsp.a(alt_io_redirect.o)
                0x000000000000502c                alt_io_redirect
 .text          0x00000000000050a8        0x0 c:/Workspace/quartus/video_processing/nios_software/nios_ddr3_test_bsp/\libhal_bsp.a(alt_irq_entry.o)
 .text          0x00000000000050a8        0x0 c:/Workspace/quartus/video_processing/nios_software/nios_ddr3_test_bsp/\libhal_bsp.a(alt_irq_handler.o)
 .text          0x00000000000050a8        0x0 c:/Workspace/quartus/video_processing/nios_software/nios_ddr3_test_bsp/\libhal_bsp.a(alt_irq_vars.o)
 .text          0x00000000000050a8      0x25c c:/Workspace/quartus/video_processing/nios_software/nios_ddr3_test_bsp/\libhal_bsp.a(alt_open.o)
                0x00000000000051ac                open
 .text          0x0000000000005304      0x22c c:/Workspace/quartus/video_processing/nios_software/nios_ddr3_test_bsp/\libhal_bsp.a(alt_printf.o)
                0x0000000000005304                alt_printf
 .text          0x0000000000005530       0x30 c:/Workspace/quartus/video_processing/nios_software/nios_ddr3_test_bsp/\libhal_bsp.a(alt_putchar.o)
                0x0000000000005530                alt_putchar
 .text          0x0000000000005560       0x58 c:/Workspace/quartus/video_processing/nios_software/nios_ddr3_test_bsp/\libhal_bsp.a(alt_release_fd.o)
                0x0000000000005560                alt_release_fd
 .text          0x00000000000055b8       0x24 c:/Workspace/quartus/video_processing/nios_software/nios_ddr3_test_bsp/\libhal_bsp.a(altera_nios2_gen2_irq.o)
                0x00000000000055b8                altera_nios2_gen2_irq_init
 .text          0x00000000000055dc        0x0 c:/Workspace/quartus/video_processing/nios_software/nios_ddr3_test_bsp/\libhal_bsp.a(alt_exception_entry.o)
 .text          0x00000000000055dc      0x110 c:/Workspace/quartus/video_processing/nios_software/nios_ddr3_test_bsp/\libhal_bsp.a(alt_find_file.o)
                0x00000000000055dc                alt_find_file
 .text          0x00000000000056ec       0xa8 c:/Workspace/quartus/video_processing/nios_software/nios_ddr3_test_bsp/\libhal_bsp.a(alt_get_fd.o)
                0x00000000000056ec                alt_get_fd
 .text          0x0000000000005794       0x90 c:/Workspace/quartus/video_processing/nios_software/nios_ddr3_test_bsp/\libhal_bsp.a(alt_icache_flush.o)
                0x0000000000005794                alt_icache_flush
 .text          0x0000000000005824       0x98 c:/Workspace/quartus/video_processing/nios_software/nios_ddr3_test_bsp/\libhal_bsp.a(alt_instruction_exception_entry.o)
                0x0000000000005824                alt_exception_cause_generated_bad_addr
 .text          0x00000000000058bc        0x0 d:/intelfpga_lite/20.1/nios2eds/bin/gnu/h-x86_64-mingw32/bin/../lib/gcc/nios2-elf/10.1.1/../../../../../H-x86_64-mingw32/nios2-elf/lib\libsmallc.a(lib_a-atexit.o)
 .text.atexit   0x00000000000058bc       0x14 d:/intelfpga_lite/20.1/nios2eds/bin/gnu/h-x86_64-mingw32/bin/../lib/gcc/nios2-elf/10.1.1/../../../../../H-x86_64-mingw32/nios2-elf/lib\libsmallc.a(lib_a-atexit.o)
                0x00000000000058bc                atexit
 .text          0x00000000000058d0        0x0 d:/intelfpga_lite/20.1/nios2eds/bin/gnu/h-x86_64-mingw32/bin/../lib/gcc/nios2-elf/10.1.1/../../../../../H-x86_64-mingw32/nios2-elf/lib\libsmallc.a(lib_a-exit.o)
 .text.exit     0x00000000000058d0       0x20 d:/intelfpga_lite/20.1/nios2eds/bin/gnu/h-x86_64-mingw32/bin/../lib/gcc/nios2-elf/10.1.1/../../../../../H-x86_64-mingw32/nios2-elf/lib\libsmallc.a(lib_a-exit.o)
                0x00000000000058d0                exit
 .text          0x00000000000058f0        0x0 d:/intelfpga_lite/20.1/nios2eds/bin/gnu/h-x86_64-mingw32/bin/../lib/gcc/nios2-elf/10.1.1/../../../../../H-x86_64-mingw32/nios2-elf/lib\libsmallc.a(lib_a-memcmp.o)
 .text.memcmp   0x00000000000058f0       0x30 d:/intelfpga_lite/20.1/nios2eds/bin/gnu/h-x86_64-mingw32/bin/../lib/gcc/nios2-elf/10.1.1/../../../../../H-x86_64-mingw32/nios2-elf/lib\libsmallc.a(lib_a-memcmp.o)
                0x00000000000058f0                memcmp
 .text          0x0000000000005920        0x0 d:/intelfpga_lite/20.1/nios2eds/bin/gnu/h-x86_64-mingw32/bin/../lib/gcc/nios2-elf/10.1.1/../../../../../H-x86_64-mingw32/nios2-elf/lib\libsmallc.a(lib_a-putchar.o)
 .text._putchar_r
                0x0000000000005920        0x8 d:/intelfpga_lite/20.1/nios2eds/bin/gnu/h-x86_64-mingw32/bin/../lib/gcc/nios2-elf/10.1.1/../../../../../H-x86_64-mingw32/nios2-elf/lib\libsmallc.a(lib_a-putchar.o)
                0x0000000000005920                _putchar_r
 .text.putchar  0x0000000000005928       0x18 d:/intelfpga_lite/20.1/nios2eds/bin/gnu/h-x86_64-mingw32/bin/../lib/gcc/nios2-elf/10.1.1/../../../../../H-x86_64-mingw32/nios2-elf/lib\libsmallc.a(lib_a-putchar.o)
                0x0000000000005928                putchar
 .text          0x0000000000005940        0x0 d:/intelfpga_lite/20.1/nios2eds/bin/gnu/h-x86_64-mingw32/bin/../lib/gcc/nios2-elf/10.1.1/../../../../../H-x86_64-mingw32/nios2-elf/lib\libsmallc.a(lib_a-__atexit.o)
 .text.__register_exitproc
                0x0000000000005940      0x11c d:/intelfpga_lite/20.1/nios2eds/bin/gnu/h-x86_64-mingw32/bin/../lib/gcc/nios2-elf/10.1.1/../../../../../H-x86_64-mingw32/nios2-elf/lib\libsmallc.a(lib_a-__atexit.o)
                0x0000000000005940                __register_exitproc
 .text          0x0000000000005a5c        0x0 d:/intelfpga_lite/20.1/nios2eds/bin/gnu/h-x86_64-mingw32/bin/../lib/gcc/nios2-elf/10.1.1/../../../../../H-x86_64-mingw32/nios2-elf/lib\libsmallc.a(lib_a-__call_atexit.o)
 .text.__call_exitprocs
                0x0000000000005a5c      0x12c d:/intelfpga_lite/20.1/nios2eds/bin/gnu/h-x86_64-mingw32/bin/../lib/gcc/nios2-elf/10.1.1/../../../../../H-x86_64-mingw32/nios2-elf/lib\libsmallc.a(lib_a-__call_atexit.o)
                0x0000000000005a5c                __call_exitprocs
 .text          0x0000000000005b88        0x0 d:/intelfpga_lite/20.1/nios2eds/bin/gnu/h-x86_64-mingw32/bin/../lib/gcc/nios2-elf/10.1.1/../../../../../H-x86_64-mingw32/nios2-elf/lib\libsmallc.a(lib_a-putc.o)
 .text.putc     0x0000000000005b88       0x50 d:/intelfpga_lite/20.1/nios2eds/bin/gnu/h-x86_64-mingw32/bin/../lib/gcc/nios2-elf/10.1.1/../../../../../H-x86_64-mingw32/nios2-elf/lib\libsmallc.a(lib_a-putc.o)
                0x0000000000005b88                putc
 .text._putc_r  0x0000000000005bd8       0x54 d:/intelfpga_lite/20.1/nios2eds/bin/gnu/h-x86_64-mingw32/bin/../lib/gcc/nios2-elf/10.1.1/../../../../../H-x86_64-mingw32/nios2-elf/lib\libsmallc.a(lib_a-putc.o)
                0x0000000000005bd8                _putc_r
 .text          0x0000000000005c2c       0x38 c:/Workspace/quartus/video_processing/nios_software/nios_ddr3_test_bsp/\libhal_bsp.a(alt_exit.o)
                0x0000000000005c2c                _exit
 *(.gnu.warning.*)
 *(.fini)
                [!provide]                        PROVIDE (__etext = ABSOLUTE (.))
                [!provide]                        PROVIDE (_etext = ABSOLUTE (.))
                [!provide]                        PROVIDE (etext = ABSOLUTE (.))
 *(.eh_frame_hdr)
                0x0000000000005c64                . = ALIGN (0x4)
                [!provide]                        PROVIDE (__preinit_array_start = ABSOLUTE (.))
 *(.preinit_array)
                [!provide]                        PROVIDE (__preinit_array_end = ABSOLUTE (.))
                [!provide]                        PROVIDE (__init_array_start = ABSOLUTE (.))
 *(.init_array)
                [!provide]                        PROVIDE (__init_array_end = ABSOLUTE (.))
                [!provide]                        PROVIDE (__fini_array_start = ABSOLUTE (.))
 *(.fini_array)
                [!provide]                        PROVIDE (__fini_array_end = ABSOLUTE (.))
 *(.eh_frame)
 *(.gcc_except_table .gcc_except_table.*)
 *(.dynamic)
                0x0000000000005c64                PROVIDE (__CTOR_LIST__ = ABSOLUTE (.))
 *(.ctors)
 *(SORT_BY_NAME(.ctors.*))
                0x0000000000005c64                PROVIDE (__CTOR_END__ = ABSOLUTE (.))
                0x0000000000005c64                PROVIDE (__DTOR_LIST__ = ABSOLUTE (.))
 *(.dtors)
 *(SORT_BY_NAME(.dtors.*))
                0x0000000000005c64                PROVIDE (__DTOR_END__ = ABSOLUTE (.))
 *(.jcr)
                0x0000000000005c64                . = ALIGN (0x4)

.rodata         0x0000000000005c64      0x6e0
                0x0000000000005c64                PROVIDE (__ram_rodata_start = ABSOLUTE (.))
                0x0000000000005c64                . = ALIGN (0x4)
 *(.rodata .rodata.* .gnu.linkonce.r.*)
 .rodata        0x0000000000005c64       0xf1 obj/default/hdmi_config.o
 *fill*         0x0000000000005d55        0x3 
 .rodata        0x0000000000005d58      0x489 obj/default/main.o
 *fill*         0x00000000000061e1        0x3 
 .rodata        0x00000000000061e4      0x100 d:/intelfpga_lite/20.1/nios2eds/bin/gnu/h-x86_64-mingw32/bin/../lib/gcc/nios2-elf/10.1.1\libgcc.a(_clz.o)
                0x00000000000061e4                __clz_tab
 .rodata._puts_r.str1.4
                0x00000000000062e4        0x2 d:/intelfpga_lite/20.1/nios2eds/bin/gnu/h-x86_64-mingw32/bin/../lib/gcc/nios2-elf/10.1.1/../../../../../H-x86_64-mingw32/nios2-elf/lib\libsmallc.a(lib_a-puts.o)
 *fill*         0x00000000000062e6        0x2 
 .rodata        0x00000000000062e8        0xf c:/Workspace/quartus/video_processing/nios_software/nios_ddr3_test_bsp/\libhal_bsp.a(alt_main.o)
 *fill*         0x00000000000062f7        0x1 
 .rodata        0x00000000000062f8       0x1f c:/Workspace/quartus/video_processing/nios_software/nios_ddr3_test_bsp/\libhal_bsp.a(alt_sys_init.o)
 *fill*         0x0000000000006317        0x1 
 .rodata        0x0000000000006318       0x1d c:/Workspace/quartus/video_processing/nios_software/nios_ddr3_test_bsp/\libhal_bsp.a(altera_avalon_i2c.o)
 *fill*         0x0000000000006335        0x3 
 .rodata        0x0000000000006338        0xa c:/Workspace/quartus/video_processing/nios_software/nios_ddr3_test_bsp/\libhal_bsp.a(alt_dev.o)
 *(.rodata1)
                0x0000000000006344                . = ALIGN (0x4)
 *fill*         0x0000000000006342        0x2 
                0x0000000000006344                PROVIDE (__ram_rodata_end = ABSOLUTE (.))
                0x0000000000005c64                PROVIDE (__flash_rodata_start = LOADADDR (.rodata))

.rwdata         0x0000000000006344      0x324 load address 0x0000000000006668
                0x0000000000006344                PROVIDE (__ram_rwdata_start = ABSOLUTE (.))
                0x0000000000006344                . = ALIGN (0x4)
 *(.got.plt)
 *(.got)
 *(.data1)
 *(.data .data.* .gnu.linkonce.d.*)
 .data          0x0000000000006344        0x0 c:/Workspace/quartus/video_processing/nios_software/nios_ddr3_test_bsp//obj/HAL/src/crt0.o
 .data          0x0000000000006344        0x0 obj/default/hdmi_config.o
 .data          0x0000000000006344        0x0 obj/default/main.o
 .data          0x0000000000006344        0x0 obj/default/mem_verify.o
 .data          0x0000000000006344        0x0 d:/intelfpga_lite/20.1/nios2eds/bin/gnu/h-x86_64-mingw32/bin/../lib/gcc/nios2-elf/10.1.1\libgcc.a(_muldi3.o)
 .data          0x0000000000006344        0x0 d:/intelfpga_lite/20.1/nios2eds/bin/gnu/h-x86_64-mingw32/bin/../lib/gcc/nios2-elf/10.1.1\libgcc.a(_udivdi3.o)
 .data          0x0000000000006344        0x0 d:/intelfpga_lite/20.1/nios2eds/bin/gnu/h-x86_64-mingw32/bin/../lib/gcc/nios2-elf/10.1.1\libgcc.a(lib2-divmod.o)
 .data          0x0000000000006344        0x0 d:/intelfpga_lite/20.1/nios2eds/bin/gnu/h-x86_64-mingw32/bin/../lib/gcc/nios2-elf/10.1.1\libgcc.a(_clz.o)
 .data          0x0000000000006344        0x0 d:/intelfpga_lite/20.1/nios2eds/bin/gnu/h-x86_64-mingw32/bin/../lib/gcc/nios2-elf/10.1.1/../../../../../H-x86_64-mingw32/nios2-elf/lib\libsmallc.a(lib_a-printf.o)
 .data          0x0000000000006344        0x0 d:/intelfpga_lite/20.1/nios2eds/bin/gnu/h-x86_64-mingw32/bin/../lib/gcc/nios2-elf/10.1.1/../../../../../H-x86_64-mingw32/nios2-elf/lib\libsmallc.a(lib_a-puts.o)
 .data          0x0000000000006344        0x0 d:/intelfpga_lite/20.1/nios2eds/bin/gnu/h-x86_64-mingw32/bin/../lib/gcc/nios2-elf/10.1.1/../../../../../H-x86_64-mingw32/nios2-elf/lib\libsmallc.a(lib_a-strlen.o)
 .data          0x0000000000006344        0x0 d:/intelfpga_lite/20.1/nios2eds/bin/gnu/h-x86_64-mingw32/bin/../lib/gcc/nios2-elf/10.1.1/../../../../../H-x86_64-mingw32/nios2-elf/lib\libsmallc.a(lib_a-vfprintf.o)
 .data          0x0000000000006344        0x0 d:/intelfpga_lite/20.1/nios2eds/bin/gnu/h-x86_64-mingw32/bin/../lib/gcc/nios2-elf/10.1.1/../../../../../H-x86_64-mingw32/nios2-elf/lib\libsmallc.a(lib_a-fvwrite_small_dev.o)
 .data          0x0000000000006344        0x0 d:/intelfpga_lite/20.1/nios2eds/bin/gnu/h-x86_64-mingw32/bin/../lib/gcc/nios2-elf/10.1.1/../../../../../H-x86_64-mingw32/nios2-elf/lib\libsmallc.a(lib_a-impure.o)
 .data.impure_data
                0x0000000000006344       0xe4 d:/intelfpga_lite/20.1/nios2eds/bin/gnu/h-x86_64-mingw32/bin/../lib/gcc/nios2-elf/10.1.1/../../../../../H-x86_64-mingw32/nios2-elf/lib\libsmallc.a(lib_a-impure.o)
 .data          0x0000000000006428        0x0 d:/intelfpga_lite/20.1/nios2eds/bin/gnu/h-x86_64-mingw32/bin/../lib/gcc/nios2-elf/10.1.1/../../../../../H-x86_64-mingw32/nios2-elf/lib\libsmallc.a(lib_a-writer.o)
 .data          0x0000000000006428        0x0 d:/intelfpga_lite/20.1/nios2eds/bin/gnu/h-x86_64-mingw32/bin/../lib/gcc/nios2-elf/10.1.1/../../../../../H-x86_64-mingw32/nios2-elf/lib\libsmallc.a(lib_a-int_errno.o)
 .data          0x0000000000006428        0x0 c:/Workspace/quartus/video_processing/nios_software/nios_ddr3_test_bsp/\libhal_bsp.a(alt_dcache_flush_all.o)
 .data          0x0000000000006428        0x0 c:/Workspace/quartus/video_processing/nios_software/nios_ddr3_test_bsp/\libhal_bsp.a(alt_load.o)
 .data          0x0000000000006428        0x0 c:/Workspace/quartus/video_processing/nios_software/nios_ddr3_test_bsp/\libhal_bsp.a(alt_main.o)
 .data          0x0000000000006428        0x0 c:/Workspace/quartus/video_processing/nios_software/nios_ddr3_test_bsp/\libhal_bsp.a(alt_tick.o)
 .data          0x0000000000006428        0x0 c:/Workspace/quartus/video_processing/nios_software/nios_ddr3_test_bsp/\libhal_bsp.a(alt_usleep.o)
 .data          0x0000000000006428        0x0 c:/Workspace/quartus/video_processing/nios_software/nios_ddr3_test_bsp/\libhal_bsp.a(alt_write.o)
 .data          0x0000000000006428       0x64 c:/Workspace/quartus/video_processing/nios_software/nios_ddr3_test_bsp/\libhal_bsp.a(alt_sys_init.o)
 .data          0x000000000000648c        0x0 c:/Workspace/quartus/video_processing/nios_software/nios_ddr3_test_bsp/\libhal_bsp.a(altera_avalon_i2c.o)
 .data          0x000000000000648c        0x0 c:/Workspace/quartus/video_processing/nios_software/nios_ddr3_test_bsp/\libhal_bsp.a(altera_avalon_jtag_uart_fd.o)
 .data          0x000000000000648c        0x0 c:/Workspace/quartus/video_processing/nios_software/nios_ddr3_test_bsp/\libhal_bsp.a(altera_avalon_jtag_uart_read.o)
 .data          0x000000000000648c        0x0 c:/Workspace/quartus/video_processing/nios_software/nios_ddr3_test_bsp/\libhal_bsp.a(altera_avalon_jtag_uart_write.o)
 .data          0x000000000000648c        0x0 c:/Workspace/quartus/video_processing/nios_software/nios_ddr3_test_bsp/\libhal_bsp.a(altera_avalon_timer_sc.o)
 .data          0x000000000000648c        0x0 c:/Workspace/quartus/video_processing/nios_software/nios_ddr3_test_bsp/\libhal_bsp.a(alt_busy_sleep.o)
 .data          0x000000000000648c        0x0 c:/Workspace/quartus/video_processing/nios_software/nios_ddr3_test_bsp/\libhal_bsp.a(alt_close.o)
 .data          0x000000000000648c      0x1a8 c:/Workspace/quartus/video_processing/nios_software/nios_ddr3_test_bsp/\libhal_bsp.a(alt_dev.o)
                0x000000000000648c                alt_dev_null
                0x00000000000064b4                alt_fd_list
 .data          0x0000000000006634        0x0 c:/Workspace/quartus/video_processing/nios_software/nios_ddr3_test_bsp/\libhal_bsp.a(alt_dev_llist_insert.o)
 .data          0x0000000000006634        0x0 c:/Workspace/quartus/video_processing/nios_software/nios_ddr3_test_bsp/\libhal_bsp.a(alt_do_ctors.o)
 .data          0x0000000000006634        0x0 c:/Workspace/quartus/video_processing/nios_software/nios_ddr3_test_bsp/\libhal_bsp.a(alt_do_dtors.o)
 .data          0x0000000000006634        0x0 c:/Workspace/quartus/video_processing/nios_software/nios_ddr3_test_bsp/\libhal_bsp.a(alt_errno.o)
 .data          0x0000000000006634        0x0 c:/Workspace/quartus/video_processing/nios_software/nios_ddr3_test_bsp/\libhal_bsp.a(alt_find_dev.o)
 .data          0x0000000000006634        0x0 c:/Workspace/quartus/video_processing/nios_software/nios_ddr3_test_bsp/\libhal_bsp.a(alt_icache_flush_all.o)
 .data          0x0000000000006634        0x0 c:/Workspace/quartus/video_processing/nios_software/nios_ddr3_test_bsp/\libhal_bsp.a(alt_iic.o)
 .data          0x0000000000006634        0x0 c:/Workspace/quartus/video_processing/nios_software/nios_ddr3_test_bsp/\libhal_bsp.a(alt_iic_isr_register.o)
 .data          0x0000000000006634        0x0 c:/Workspace/quartus/video_processing/nios_software/nios_ddr3_test_bsp/\libhal_bsp.a(alt_io_redirect.o)
 .data          0x0000000000006634        0x0 c:/Workspace/quartus/video_processing/nios_software/nios_ddr3_test_bsp/\libhal_bsp.a(alt_irq_entry.o)
 .data          0x0000000000006634        0x0 c:/Workspace/quartus/video_processing/nios_software/nios_ddr3_test_bsp/\libhal_bsp.a(alt_irq_handler.o)
 .data          0x0000000000006634        0x0 c:/Workspace/quartus/video_processing/nios_software/nios_ddr3_test_bsp/\libhal_bsp.a(alt_irq_vars.o)
 .data          0x0000000000006634        0x0 c:/Workspace/quartus/video_processing/nios_software/nios_ddr3_test_bsp/\libhal_bsp.a(alt_open.o)
 .data          0x0000000000006634        0x0 c:/Workspace/quartus/video_processing/nios_software/nios_ddr3_test_bsp/\libhal_bsp.a(alt_printf.o)
 .data          0x0000000000006634        0x0 c:/Workspace/quartus/video_processing/nios_software/nios_ddr3_test_bsp/\libhal_bsp.a(alt_putchar.o)
 .data          0x0000000000006634        0x0 c:/Workspace/quartus/video_processing/nios_software/nios_ddr3_test_bsp/\libhal_bsp.a(alt_release_fd.o)
 .data          0x0000000000006634        0x0 c:/Workspace/quartus/video_processing/nios_software/nios_ddr3_test_bsp/\libhal_bsp.a(altera_nios2_gen2_irq.o)
 .data          0x0000000000006634        0x0 c:/Workspace/quartus/video_processing/nios_software/nios_ddr3_test_bsp/\libhal_bsp.a(alt_exception_entry.o)
 .data          0x0000000000006634        0x0 c:/Workspace/quartus/video_processing/nios_software/nios_ddr3_test_bsp/\libhal_bsp.a(alt_find_file.o)
 .data          0x0000000000006634        0x0 c:/Workspace/quartus/video_processing/nios_software/nios_ddr3_test_bsp/\libhal_bsp.a(alt_get_fd.o)
 .data          0x0000000000006634        0x0 c:/Workspace/quartus/video_processing/nios_software/nios_ddr3_test_bsp/\libhal_bsp.a(alt_icache_flush.o)
 .data          0x0000000000006634        0x0 c:/Workspace/quartus/video_processing/nios_software/nios_ddr3_test_bsp/\libhal_bsp.a(alt_instruction_exception_entry.o)
 .data          0x0000000000006634        0x0 d:/intelfpga_lite/20.1/nios2eds/bin/gnu/h-x86_64-mingw32/bin/../lib/gcc/nios2-elf/10.1.1/../../../../../H-x86_64-mingw32/nios2-elf/lib\libsmallc.a(lib_a-atexit.o)
 .data          0x0000000000006634        0x0 d:/intelfpga_lite/20.1/nios2eds/bin/gnu/h-x86_64-mingw32/bin/../lib/gcc/nios2-elf/10.1.1/../../../../../H-x86_64-mingw32/nios2-elf/lib\libsmallc.a(lib_a-exit.o)
 .data          0x0000000000006634        0x0 d:/intelfpga_lite/20.1/nios2eds/bin/gnu/h-x86_64-mingw32/bin/../lib/gcc/nios2-elf/10.1.1/../../../../../H-x86_64-mingw32/nios2-elf/lib\libsmallc.a(lib_a-memcmp.o)
 .data          0x0000000000006634        0x0 d:/intelfpga_lite/20.1/nios2eds/bin/gnu/h-x86_64-mingw32/bin/../lib/gcc/nios2-elf/10.1.1/../../../../../H-x86_64-mingw32/nios2-elf/lib\libsmallc.a(lib_a-putchar.o)
 .data          0x0000000000006634        0x0 d:/intelfpga_lite/20.1/nios2eds/bin/gnu/h-x86_64-mingw32/bin/../lib/gcc/nios2-elf/10.1.1/../../../../../H-x86_64-mingw32/nios2-elf/lib\libsmallc.a(lib_a-__atexit.o)
 .data          0x0000000000006634        0x0 d:/intelfpga_lite/20.1/nios2eds/bin/gnu/h-x86_64-mingw32/bin/../lib/gcc/nios2-elf/10.1.1/../../../../../H-x86_64-mingw32/nios2-elf/lib\libsmallc.a(lib_a-__call_atexit.o)
 .data          0x0000000000006634        0x0 d:/intelfpga_lite/20.1/nios2eds/bin/gnu/h-x86_64-mingw32/bin/../lib/gcc/nios2-elf/10.1.1/../../../../../H-x86_64-mingw32/nios2-elf/lib\libsmallc.a(lib_a-putc.o)
 .data          0x0000000000006634        0x0 c:/Workspace/quartus/video_processing/nios_software/nios_ddr3_test_bsp/\libhal_bsp.a(alt_exit.o)
                0x000000000000e634                _gp = ABSOLUTE ((. + 0x8000))
                [!provide]                        PROVIDE (gp = _gp)
 *(.rwdata .rwdata.*)
 *(.sdata .sdata.* .gnu.linkonce.s.*)
 .sdata._global_impure_ptr
                0x0000000000006634        0x4 d:/intelfpga_lite/20.1/nios2eds/bin/gnu/h-x86_64-mingw32/bin/../lib/gcc/nios2-elf/10.1.1/../../../../../H-x86_64-mingw32/nios2-elf/lib\libsmallc.a(lib_a-impure.o)
                0x0000000000006634                _global_impure_ptr
 .sdata._impure_ptr
                0x0000000000006638        0x4 d:/intelfpga_lite/20.1/nios2eds/bin/gnu/h-x86_64-mingw32/bin/../lib/gcc/nios2-elf/10.1.1/../../../../../H-x86_64-mingw32/nios2-elf/lib\libsmallc.a(lib_a-impure.o)
                0x0000000000006638                _impure_ptr
 .sdata         0x000000000000663c        0x8 c:/Workspace/quartus/video_processing/nios_software/nios_ddr3_test_bsp/\libhal_bsp.a(alt_tick.o)
                0x000000000000663c                alt_alarm_list
 .sdata         0x0000000000006644        0x8 c:/Workspace/quartus/video_processing/nios_software/nios_ddr3_test_bsp/\libhal_bsp.a(altera_avalon_i2c.o)
                0x0000000000006644                alt_avalon_i2c_list
 .sdata         0x000000000000664c       0x14 c:/Workspace/quartus/video_processing/nios_software/nios_ddr3_test_bsp/\libhal_bsp.a(alt_dev.o)
                0x000000000000664c                alt_fs_list
                0x0000000000006654                alt_dev_list
                0x000000000000665c                alt_max_fd
 .sdata         0x0000000000006660        0x4 c:/Workspace/quartus/video_processing/nios_software/nios_ddr3_test_bsp/\libhal_bsp.a(alt_errno.o)
                0x0000000000006660                alt_errno
 .sdata         0x0000000000006664        0x4 c:/Workspace/quartus/video_processing/nios_software/nios_ddr3_test_bsp/\libhal_bsp.a(alt_irq_vars.o)
                0x0000000000006664                alt_priority_mask
 *(.sdata2 .sdata2.* .gnu.linkonce.s2.*)
                0x0000000000006668                . = ALIGN (0x4)
                0x0000000000006668                _edata = ABSOLUTE (.)
                [!provide]                        PROVIDE (edata = ABSOLUTE (.))
                0x0000000000006668                PROVIDE (__ram_rwdata_end = ABSOLUTE (.))
                0x0000000000006668                PROVIDE (__flash_rwdata_start = LOADADDR (.rwdata))

.bss            0x000000000000698c     0x1134
                0x000000000000698c                __bss_start = ABSOLUTE (.)
                [!provide]                        PROVIDE (__sbss_start = ABSOLUTE (.))
                [!provide]                        PROVIDE (___sbss_start = ABSOLUTE (.))
 *(.dynsbss)
 *(.sbss .sbss.* .gnu.linkonce.sb.*)
 .sbss          0x000000000000698c        0x4 obj/default/hdmi_config.o
 .sbss.errno    0x0000000000006990        0x4 d:/intelfpga_lite/20.1/nios2eds/bin/gnu/h-x86_64-mingw32/bin/../lib/gcc/nios2-elf/10.1.1/../../../../../H-x86_64-mingw32/nios2-elf/lib\libsmallc.a(lib_a-int_errno.o)
                0x0000000000006990                errno
 .sbss          0x0000000000006994        0xc c:/Workspace/quartus/video_processing/nios_software/nios_ddr3_test_bsp/\libhal_bsp.a(alt_main.o)
                0x0000000000006994                alt_argc
                0x0000000000006998                alt_argv
                0x000000000000699c                alt_envp
 .sbss          0x00000000000069a0        0x8 c:/Workspace/quartus/video_processing/nios_software/nios_ddr3_test_bsp/\libhal_bsp.a(alt_tick.o)
                0x00000000000069a0                _alt_tick_rate
                0x00000000000069a4                _alt_nticks
 .sbss          0x00000000000069a8        0x4 c:/Workspace/quartus/video_processing/nios_software/nios_ddr3_test_bsp/\libhal_bsp.a(alt_irq_vars.o)
                0x00000000000069a8                alt_irq_active
 .sbss          0x00000000000069ac        0x4 c:/Workspace/quartus/video_processing/nios_software/nios_ddr3_test_bsp/\libhal_bsp.a(alt_instruction_exception_entry.o)
                0x00000000000069ac                alt_instruction_exception_handler
 *(.sbss2 .sbss2.* .gnu.linkonce.sb2.*)
 *(.scommon)
                [!provide]                        PROVIDE (__sbss_end = ABSOLUTE (.))
                [!provide]                        PROVIDE (___sbss_end = ABSOLUTE (.))
 *(.dynbss)
 *(.bss .bss.* .gnu.linkonce.b.*)
 .bss           0x00000000000069b0        0x0 c:/Workspace/quartus/video_processing/nios_software/nios_ddr3_test_bsp//obj/HAL/src/crt0.o
 .bss           0x00000000000069b0        0x0 obj/default/hdmi_config.o
 *fill*         0x00000000000069b0       0x10 
 .bss           0x00000000000069c0     0x1000 obj/default/main.o
 .bss           0x00000000000079c0        0x0 obj/default/mem_verify.o
 .bss           0x00000000000079c0        0x0 d:/intelfpga_lite/20.1/nios2eds/bin/gnu/h-x86_64-mingw32/bin/../lib/gcc/nios2-elf/10.1.1\libgcc.a(_muldi3.o)
 .bss           0x00000000000079c0        0x0 d:/intelfpga_lite/20.1/nios2eds/bin/gnu/h-x86_64-mingw32/bin/../lib/gcc/nios2-elf/10.1.1\libgcc.a(_udivdi3.o)
 .bss           0x00000000000079c0        0x0 d:/intelfpga_lite/20.1/nios2eds/bin/gnu/h-x86_64-mingw32/bin/../lib/gcc/nios2-elf/10.1.1\libgcc.a(lib2-divmod.o)
 .bss           0x00000000000079c0        0x0 d:/intelfpga_lite/20.1/nios2eds/bin/gnu/h-x86_64-mingw32/bin/../lib/gcc/nios2-elf/10.1.1\libgcc.a(_clz.o)
 .bss           0x00000000000079c0        0x0 d:/intelfpga_lite/20.1/nios2eds/bin/gnu/h-x86_64-mingw32/bin/../lib/gcc/nios2-elf/10.1.1/../../../../../H-x86_64-mingw32/nios2-elf/lib\libsmallc.a(lib_a-printf.o)
 .bss           0x00000000000079c0        0x0 d:/intelfpga_lite/20.1/nios2eds/bin/gnu/h-x86_64-mingw32/bin/../lib/gcc/nios2-elf/10.1.1/../../../../../H-x86_64-mingw32/nios2-elf/lib\libsmallc.a(lib_a-puts.o)
 .bss           0x00000000000079c0        0x0 d:/intelfpga_lite/20.1/nios2eds/bin/gnu/h-x86_64-mingw32/bin/../lib/gcc/nios2-elf/10.1.1/../../../../../H-x86_64-mingw32/nios2-elf/lib\libsmallc.a(lib_a-strlen.o)
 .bss           0x00000000000079c0        0x0 d:/intelfpga_lite/20.1/nios2eds/bin/gnu/h-x86_64-mingw32/bin/../lib/gcc/nios2-elf/10.1.1/../../../../../H-x86_64-mingw32/nios2-elf/lib\libsmallc.a(lib_a-vfprintf.o)
 .bss           0x00000000000079c0        0x0 d:/intelfpga_lite/20.1/nios2eds/bin/gnu/h-x86_64-mingw32/bin/../lib/gcc/nios2-elf/10.1.1/../../../../../H-x86_64-mingw32/nios2-elf/lib\libsmallc.a(lib_a-fvwrite_small_dev.o)
 .bss           0x00000000000079c0        0x0 d:/intelfpga_lite/20.1/nios2eds/bin/gnu/h-x86_64-mingw32/bin/../lib/gcc/nios2-elf/10.1.1/../../../../../H-x86_64-mingw32/nios2-elf/lib\libsmallc.a(lib_a-impure.o)
 .bss           0x00000000000079c0        0x0 d:/intelfpga_lite/20.1/nios2eds/bin/gnu/h-x86_64-mingw32/bin/../lib/gcc/nios2-elf/10.1.1/../../../../../H-x86_64-mingw32/nios2-elf/lib\libsmallc.a(lib_a-writer.o)
 .bss           0x00000000000079c0        0x0 d:/intelfpga_lite/20.1/nios2eds/bin/gnu/h-x86_64-mingw32/bin/../lib/gcc/nios2-elf/10.1.1/../../../../../H-x86_64-mingw32/nios2-elf/lib\libsmallc.a(lib_a-int_errno.o)
 .bss           0x00000000000079c0        0x0 c:/Workspace/quartus/video_processing/nios_software/nios_ddr3_test_bsp/\libhal_bsp.a(alt_dcache_flush_all.o)
 .bss           0x00000000000079c0        0x0 c:/Workspace/quartus/video_processing/nios_software/nios_ddr3_test_bsp/\libhal_bsp.a(alt_load.o)
 .bss           0x00000000000079c0        0x0 c:/Workspace/quartus/video_processing/nios_software/nios_ddr3_test_bsp/\libhal_bsp.a(alt_main.o)
 .bss           0x00000000000079c0        0x0 c:/Workspace/quartus/video_processing/nios_software/nios_ddr3_test_bsp/\libhal_bsp.a(alt_tick.o)
 .bss           0x00000000000079c0        0x0 c:/Workspace/quartus/video_processing/nios_software/nios_ddr3_test_bsp/\libhal_bsp.a(alt_usleep.o)
 .bss           0x00000000000079c0        0x0 c:/Workspace/quartus/video_processing/nios_software/nios_ddr3_test_bsp/\libhal_bsp.a(alt_write.o)
 .bss           0x00000000000079c0        0x0 c:/Workspace/quartus/video_processing/nios_software/nios_ddr3_test_bsp/\libhal_bsp.a(alt_sys_init.o)
 .bss           0x00000000000079c0        0x0 c:/Workspace/quartus/video_processing/nios_software/nios_ddr3_test_bsp/\libhal_bsp.a(altera_avalon_i2c.o)
 .bss           0x00000000000079c0        0x0 c:/Workspace/quartus/video_processing/nios_software/nios_ddr3_test_bsp/\libhal_bsp.a(altera_avalon_jtag_uart_fd.o)
 .bss           0x00000000000079c0        0x0 c:/Workspace/quartus/video_processing/nios_software/nios_ddr3_test_bsp/\libhal_bsp.a(altera_avalon_jtag_uart_read.o)
 .bss           0x00000000000079c0        0x0 c:/Workspace/quartus/video_processing/nios_software/nios_ddr3_test_bsp/\libhal_bsp.a(altera_avalon_jtag_uart_write.o)
 .bss           0x00000000000079c0        0x0 c:/Workspace/quartus/video_processing/nios_software/nios_ddr3_test_bsp/\libhal_bsp.a(altera_avalon_timer_sc.o)
 .bss           0x00000000000079c0        0x0 c:/Workspace/quartus/video_processing/nios_software/nios_ddr3_test_bsp/\libhal_bsp.a(alt_busy_sleep.o)
 .bss           0x00000000000079c0        0x0 c:/Workspace/quartus/video_processing/nios_software/nios_ddr3_test_bsp/\libhal_bsp.a(alt_close.o)
 .bss           0x00000000000079c0        0x0 c:/Workspace/quartus/video_processing/nios_software/nios_ddr3_test_bsp/\libhal_bsp.a(alt_dev.o)
 .bss           0x00000000000079c0        0x0 c:/Workspace/quartus/video_processing/nios_software/nios_ddr3_test_bsp/\libhal_bsp.a(alt_dev_llist_insert.o)
 .bss           0x00000000000079c0        0x0 c:/Workspace/quartus/video_processing/nios_software/nios_ddr3_test_bsp/\libhal_bsp.a(alt_do_ctors.o)
 .bss           0x00000000000079c0        0x0 c:/Workspace/quartus/video_processing/nios_software/nios_ddr3_test_bsp/\libhal_bsp.a(alt_do_dtors.o)
 .bss           0x00000000000079c0        0x0 c:/Workspace/quartus/video_processing/nios_software/nios_ddr3_test_bsp/\libhal_bsp.a(alt_errno.o)
 .bss           0x00000000000079c0        0x0 c:/Workspace/quartus/video_processing/nios_software/nios_ddr3_test_bsp/\libhal_bsp.a(alt_find_dev.o)
 .bss           0x00000000000079c0        0x0 c:/Workspace/quartus/video_processing/nios_software/nios_ddr3_test_bsp/\libhal_bsp.a(alt_icache_flush_all.o)
 .bss           0x00000000000079c0        0x0 c:/Workspace/quartus/video_processing/nios_software/nios_ddr3_test_bsp/\libhal_bsp.a(alt_iic.o)
 .bss           0x00000000000079c0        0x0 c:/Workspace/quartus/video_processing/nios_software/nios_ddr3_test_bsp/\libhal_bsp.a(alt_iic_isr_register.o)
 .bss           0x00000000000079c0        0x0 c:/Workspace/quartus/video_processing/nios_software/nios_ddr3_test_bsp/\libhal_bsp.a(alt_io_redirect.o)
 .bss           0x00000000000079c0        0x0 c:/Workspace/quartus/video_processing/nios_software/nios_ddr3_test_bsp/\libhal_bsp.a(alt_irq_entry.o)
 .bss           0x00000000000079c0      0x100 c:/Workspace/quartus/video_processing/nios_software/nios_ddr3_test_bsp/\libhal_bsp.a(alt_irq_handler.o)
                0x00000000000079c0                alt_irq
 .bss           0x0000000000007ac0        0x0 c:/Workspace/quartus/video_processing/nios_software/nios_ddr3_test_bsp/\libhal_bsp.a(alt_irq_vars.o)
 .bss           0x0000000000007ac0        0x0 c:/Workspace/quartus/video_processing/nios_software/nios_ddr3_test_bsp/\libhal_bsp.a(alt_open.o)
 .bss           0x0000000000007ac0        0x0 c:/Workspace/quartus/video_processing/nios_software/nios_ddr3_test_bsp/\libhal_bsp.a(alt_printf.o)
 .bss           0x0000000000007ac0        0x0 c:/Workspace/quartus/video_processing/nios_software/nios_ddr3_test_bsp/\libhal_bsp.a(alt_putchar.o)
 .bss           0x0000000000007ac0        0x0 c:/Workspace/quartus/video_processing/nios_software/nios_ddr3_test_bsp/\libhal_bsp.a(alt_release_fd.o)
 .bss           0x0000000000007ac0        0x0 c:/Workspace/quartus/video_processing/nios_software/nios_ddr3_test_bsp/\libhal_bsp.a(altera_nios2_gen2_irq.o)
 .bss           0x0000000000007ac0        0x0 c:/Workspace/quartus/video_processing/nios_software/nios_ddr3_test_bsp/\libhal_bsp.a(alt_exception_entry.o)
 .bss           0x0000000000007ac0        0x0 c:/Workspace/quartus/video_processing/nios_software/nios_ddr3_test_bsp/\libhal_bsp.a(alt_find_file.o)
 .bss           0x0000000000007ac0        0x0 c:/Workspace/quartus/video_processing/nios_software/nios_ddr3_test_bsp/\libhal_bsp.a(alt_get_fd.o)
 .bss           0x0000000000007ac0        0x0 c:/Workspace/quartus/video_processing/nios_software/nios_ddr3_test_bsp/\libhal_bsp.a(alt_icache_flush.o)
 .bss           0x0000000000007ac0        0x0 c:/Workspace/quartus/video_processing/nios_software/nios_ddr3_test_bsp/\libhal_bsp.a(alt_instruction_exception_entry.o)
 .bss           0x0000000000007ac0        0x0 d:/intelfpga_lite/20.1/nios2eds/bin/gnu/h-x86_64-mingw32/bin/../lib/gcc/nios2-elf/10.1.1/../../../../../H-x86_64-mingw32/nios2-elf/lib\libsmallc.a(lib_a-atexit.o)
 .bss           0x0000000000007ac0        0x0 d:/intelfpga_lite/20.1/nios2eds/bin/gnu/h-x86_64-mingw32/bin/../lib/gcc/nios2-elf/10.1.1/../../../../../H-x86_64-mingw32/nios2-elf/lib\libsmallc.a(lib_a-exit.o)
 .bss           0x0000000000007ac0        0x0 d:/intelfpga_lite/20.1/nios2eds/bin/gnu/h-x86_64-mingw32/bin/../lib/gcc/nios2-elf/10.1.1/../../../../../H-x86_64-mingw32/nios2-elf/lib\libsmallc.a(lib_a-memcmp.o)
 .bss           0x0000000000007ac0        0x0 d:/intelfpga_lite/20.1/nios2eds/bin/gnu/h-x86_64-mingw32/bin/../lib/gcc/nios2-elf/10.1.1/../../../../../H-x86_64-mingw32/nios2-elf/lib\libsmallc.a(lib_a-putchar.o)
 .bss           0x0000000000007ac0        0x0 d:/intelfpga_lite/20.1/nios2eds/bin/gnu/h-x86_64-mingw32/bin/../lib/gcc/nios2-elf/10.1.1/../../../../../H-x86_64-mingw32/nios2-elf/lib\libsmallc.a(lib_a-__atexit.o)
 .bss           0x0000000000007ac0        0x0 d:/intelfpga_lite/20.1/nios2eds/bin/gnu/h-x86_64-mingw32/bin/../lib/gcc/nios2-elf/10.1.1/../../../../../H-x86_64-mingw32/nios2-elf/lib\libsmallc.a(lib_a-__call_atexit.o)
 .bss           0x0000000000007ac0        0x0 d:/intelfpga_lite/20.1/nios2eds/bin/gnu/h-x86_64-mingw32/bin/../lib/gcc/nios2-elf/10.1.1/../../../../../H-x86_64-mingw32/nios2-elf/lib\libsmallc.a(lib_a-putc.o)
 .bss           0x0000000000007ac0        0x0 c:/Workspace/quartus/video_processing/nios_software/nios_ddr3_test_bsp/\libhal_bsp.a(alt_exit.o)
 *(COMMON)
                0x0000000000007ac0                . = ALIGN (0x4)
                0x0000000000007ac0                __bss_end = ABSOLUTE (.)

.onchip_memory2_0
                0x0000000000007ac0        0x0
                [!provide]                        PROVIDE (_alt_partition_onchip_memory2_0_start = ABSOLUTE (.))
 *(.onchip_memory2_0 .onchip_memory2_0. onchip_memory2_0.*)
                0x0000000000007ac0                . = ALIGN (0x4)
                [!provide]                        PROVIDE (_alt_partition_onchip_memory2_0_end = ABSOLUTE (.))
                0x0000000000007ac0                _end = ABSOLUTE (.)
                0x0000000000007ac0                end = ABSOLUTE (.)
                0x0000000000007ac0                __alt_stack_base = ABSOLUTE (.)
                [!provide]                        PROVIDE (_alt_partition_onchip_memory2_0_load_addr = LOADADDR (.onchip_memory2_0))

.stab
 *(.stab)

.stabstr
 *(.stabstr)

.stab.excl
 *(.stab.excl)

.stab.exclstr
 *(.stab.exclstr)

.stab.index
 *(.stab.index)

.stab.indexstr
 *(.stab.indexstr)

.comment        0x0000000000000000       0x2d
 *(.comment)
 .comment       0x0000000000000000       0x2d obj/default/hdmi_config.o
                                         0x2e (size before relaxing)
 .comment       0x000000000000002d       0x2e obj/default/main.o
 .comment       0x000000000000002d       0x2e obj/default/mem_verify.o
 .comment       0x000000000000002d       0x2e d:/intelfpga_lite/20.1/nios2eds/bin/gnu/h-x86_64-mingw32/bin/../lib/gcc/nios2-elf/10.1.1\libgcc.a(_muldi3.o)
 .comment       0x000000000000002d       0x2e d:/intelfpga_lite/20.1/nios2eds/bin/gnu/h-x86_64-mingw32/bin/../lib/gcc/nios2-elf/10.1.1\libgcc.a(_udivdi3.o)
 .comment       0x000000000000002d       0x2e d:/intelfpga_lite/20.1/nios2eds/bin/gnu/h-x86_64-mingw32/bin/../lib/gcc/nios2-elf/10.1.1\libgcc.a(lib2-divmod.o)
 .comment       0x000000000000002d       0x2e d:/intelfpga_lite/20.1/nios2eds/bin/gnu/h-x86_64-mingw32/bin/../lib/gcc/nios2-elf/10.1.1\libgcc.a(_clz.o)
 .comment       0x000000000000002d       0x2e d:/intelfpga_lite/20.1/nios2eds/bin/gnu/h-x86_64-mingw32/bin/../lib/gcc/nios2-elf/10.1.1/../../../../../H-x86_64-mingw32/nios2-elf/lib\libsmallc.a(lib_a-printf.o)
 .comment       0x000000000000002d       0x2e d:/intelfpga_lite/20.1/nios2eds/bin/gnu/h-x86_64-mingw32/bin/../lib/gcc/nios2-elf/10.1.1/../../../../../H-x86_64-mingw32/nios2-elf/lib\libsmallc.a(lib_a-puts.o)
 .comment       0x000000000000002d       0x2e d:/intelfpga_lite/20.1/nios2eds/bin/gnu/h-x86_64-mingw32/bin/../lib/gcc/nios2-elf/10.1.1/../../../../../H-x86_64-mingw32/nios2-elf/lib\libsmallc.a(lib_a-strlen.o)
 .comment       0x000000000000002d       0x2e d:/intelfpga_lite/20.1/nios2eds/bin/gnu/h-x86_64-mingw32/bin/../lib/gcc/nios2-elf/10.1.1/../../../../../H-x86_64-mingw32/nios2-elf/lib\libsmallc.a(lib_a-vfprintf.o)
 .comment       0x000000000000002d       0x2e d:/intelfpga_lite/20.1/nios2eds/bin/gnu/h-x86_64-mingw32/bin/../lib/gcc/nios2-elf/10.1.1/../../../../../H-x86_64-mingw32/nios2-elf/lib\libsmallc.a(lib_a-fvwrite_small_dev.o)
 .comment       0x000000000000002d       0x2e d:/intelfpga_lite/20.1/nios2eds/bin/gnu/h-x86_64-mingw32/bin/../lib/gcc/nios2-elf/10.1.1/../../../../../H-x86_64-mingw32/nios2-elf/lib\libsmallc.a(lib_a-impure.o)
 .comment       0x000000000000002d       0x2e d:/intelfpga_lite/20.1/nios2eds/bin/gnu/h-x86_64-mingw32/bin/../lib/gcc/nios2-elf/10.1.1/../../../../../H-x86_64-mingw32/nios2-elf/lib\libsmallc.a(lib_a-writer.o)
 .comment       0x000000000000002d       0x2e d:/intelfpga_lite/20.1/nios2eds/bin/gnu/h-x86_64-mingw32/bin/../lib/gcc/nios2-elf/10.1.1/../../../../../H-x86_64-mingw32/nios2-elf/lib\libsmallc.a(lib_a-int_errno.o)
 .comment       0x000000000000002d       0x2e c:/Workspace/quartus/video_processing/nios_software/nios_ddr3_test_bsp/\libhal_bsp.a(alt_dcache_flush_all.o)
 .comment       0x000000000000002d       0x2e c:/Workspace/quartus/video_processing/nios_software/nios_ddr3_test_bsp/\libhal_bsp.a(alt_load.o)
 .comment       0x000000000000002d       0x2e c:/Workspace/quartus/video_processing/nios_software/nios_ddr3_test_bsp/\libhal_bsp.a(alt_main.o)
 .comment       0x000000000000002d       0x2e c:/Workspace/quartus/video_processing/nios_software/nios_ddr3_test_bsp/\libhal_bsp.a(alt_tick.o)
 .comment       0x000000000000002d       0x2e c:/Workspace/quartus/video_processing/nios_software/nios_ddr3_test_bsp/\libhal_bsp.a(alt_usleep.o)
 .comment       0x000000000000002d       0x2e c:/Workspace/quartus/video_processing/nios_software/nios_ddr3_test_bsp/\libhal_bsp.a(alt_write.o)
 .comment       0x000000000000002d       0x2e c:/Workspace/quartus/video_processing/nios_software/nios_ddr3_test_bsp/\libhal_bsp.a(alt_sys_init.o)
 .comment       0x000000000000002d       0x2e c:/Workspace/quartus/video_processing/nios_software/nios_ddr3_test_bsp/\libhal_bsp.a(altera_avalon_i2c.o)
 .comment       0x000000000000002d       0x2e c:/Workspace/quartus/video_processing/nios_software/nios_ddr3_test_bsp/\libhal_bsp.a(altera_avalon_jtag_uart_fd.o)
 .comment       0x000000000000002d       0x2e c:/Workspace/quartus/video_processing/nios_software/nios_ddr3_test_bsp/\libhal_bsp.a(altera_avalon_jtag_uart_read.o)
 .comment       0x000000000000002d       0x2e c:/Workspace/quartus/video_processing/nios_software/nios_ddr3_test_bsp/\libhal_bsp.a(altera_avalon_jtag_uart_write.o)
 .comment       0x000000000000002d       0x2e c:/Workspace/quartus/video_processing/nios_software/nios_ddr3_test_bsp/\libhal_bsp.a(altera_avalon_timer_sc.o)
 .comment       0x000000000000002d       0x2e c:/Workspace/quartus/video_processing/nios_software/nios_ddr3_test_bsp/\libhal_bsp.a(alt_busy_sleep.o)
 .comment       0x000000000000002d       0x2e c:/Workspace/quartus/video_processing/nios_software/nios_ddr3_test_bsp/\libhal_bsp.a(alt_close.o)
 .comment       0x000000000000002d       0x2e c:/Workspace/quartus/video_processing/nios_software/nios_ddr3_test_bsp/\libhal_bsp.a(alt_dev.o)
 .comment       0x000000000000002d       0x2e c:/Workspace/quartus/video_processing/nios_software/nios_ddr3_test_bsp/\libhal_bsp.a(alt_dev_llist_insert.o)
 .comment       0x000000000000002d       0x2e c:/Workspace/quartus/video_processing/nios_software/nios_ddr3_test_bsp/\libhal_bsp.a(alt_do_ctors.o)
 .comment       0x000000000000002d       0x2e c:/Workspace/quartus/video_processing/nios_software/nios_ddr3_test_bsp/\libhal_bsp.a(alt_do_dtors.o)
 .comment       0x000000000000002d       0x2e c:/Workspace/quartus/video_processing/nios_software/nios_ddr3_test_bsp/\libhal_bsp.a(alt_errno.o)
 .comment       0x000000000000002d       0x2e c:/Workspace/quartus/video_processing/nios_software/nios_ddr3_test_bsp/\libhal_bsp.a(alt_find_dev.o)
 .comment       0x000000000000002d       0x2e c:/Workspace/quartus/video_processing/nios_software/nios_ddr3_test_bsp/\libhal_bsp.a(alt_icache_flush_all.o)
 .comment       0x000000000000002d       0x2e c:/Workspace/quartus/video_processing/nios_software/nios_ddr3_test_bsp/\libhal_bsp.a(alt_iic.o)
 .comment       0x000000000000002d       0x2e c:/Workspace/quartus/video_processing/nios_software/nios_ddr3_test_bsp/\libhal_bsp.a(alt_iic_isr_register.o)
 .comment       0x000000000000002d       0x2e c:/Workspace/quartus/video_processing/nios_software/nios_ddr3_test_bsp/\libhal_bsp.a(alt_io_redirect.o)
 .comment       0x000000000000002d       0x2e c:/Workspace/quartus/video_processing/nios_software/nios_ddr3_test_bsp/\libhal_bsp.a(alt_irq_handler.o)
 .comment       0x000000000000002d       0x2e c:/Workspace/quartus/video_processing/nios_software/nios_ddr3_test_bsp/\libhal_bsp.a(alt_irq_vars.o)
 .comment       0x000000000000002d       0x2e c:/Workspace/quartus/video_processing/nios_software/nios_ddr3_test_bsp/\libhal_bsp.a(alt_open.o)
 .comment       0x000000000000002d       0x2e c:/Workspace/quartus/video_processing/nios_software/nios_ddr3_test_bsp/\libhal_bsp.a(alt_printf.o)
 .comment       0x000000000000002d       0x2e c:/Workspace/quartus/video_processing/nios_software/nios_ddr3_test_bsp/\libhal_bsp.a(alt_putchar.o)
 .comment       0x000000000000002d       0x2e c:/Workspace/quartus/video_processing/nios_software/nios_ddr3_test_bsp/\libhal_bsp.a(alt_release_fd.o)
 .comment       0x000000000000002d       0x2e c:/Workspace/quartus/video_processing/nios_software/nios_ddr3_test_bsp/\libhal_bsp.a(altera_nios2_gen2_irq.o)
 .comment       0x000000000000002d       0x2e c:/Workspace/quartus/video_processing/nios_software/nios_ddr3_test_bsp/\libhal_bsp.a(alt_find_file.o)
 .comment       0x000000000000002d       0x2e c:/Workspace/quartus/video_processing/nios_software/nios_ddr3_test_bsp/\libhal_bsp.a(alt_get_fd.o)
 .comment       0x000000000000002d       0x2e c:/Workspace/quartus/video_processing/nios_software/nios_ddr3_test_bsp/\libhal_bsp.a(alt_icache_flush.o)
 .comment       0x000000000000002d       0x2e c:/Workspace/quartus/video_processing/nios_software/nios_ddr3_test_bsp/\libhal_bsp.a(alt_instruction_exception_entry.o)
 .comment       0x000000000000002d       0x2e d:/intelfpga_lite/20.1/nios2eds/bin/gnu/h-x86_64-mingw32/bin/../lib/gcc/nios2-elf/10.1.1/../../../../../H-x86_64-mingw32/nios2-elf/lib\libsmallc.a(lib_a-atexit.o)
 .comment       0x000000000000002d       0x2e d:/intelfpga_lite/20.1/nios2eds/bin/gnu/h-x86_64-mingw32/bin/../lib/gcc/nios2-elf/10.1.1/../../../../../H-x86_64-mingw32/nios2-elf/lib\libsmallc.a(lib_a-exit.o)
 .comment       0x000000000000002d       0x2e d:/intelfpga_lite/20.1/nios2eds/bin/gnu/h-x86_64-mingw32/bin/../lib/gcc/nios2-elf/10.1.1/../../../../../H-x86_64-mingw32/nios2-elf/lib\libsmallc.a(lib_a-memcmp.o)
 .comment       0x000000000000002d       0x2e d:/intelfpga_lite/20.1/nios2eds/bin/gnu/h-x86_64-mingw32/bin/../lib/gcc/nios2-elf/10.1.1/../../../../../H-x86_64-mingw32/nios2-elf/lib\libsmallc.a(lib_a-putchar.o)
 .comment       0x000000000000002d       0x2e d:/intelfpga_lite/20.1/nios2eds/bin/gnu/h-x86_64-mingw32/bin/../lib/gcc/nios2-elf/10.1.1/../../../../../H-x86_64-mingw32/nios2-elf/lib\libsmallc.a(lib_a-__atexit.o)
 .comment       0x000000000000002d       0x2e d:/intelfpga_lite/20.1/nios2eds/bin/gnu/h-x86_64-mingw32/bin/../lib/gcc/nios2-elf/10.1.1/../../../../../H-x86_64-mingw32/nios2-elf/lib\libsmallc.a(lib_a-__call_atexit.o)
 .comment       0x000000000000002d       0x2e d:/intelfpga_lite/20.1/nios2eds/bin/gnu/h-x86_64-mingw32/bin/../lib/gcc/nios2-elf/10.1.1/../../../../../H-x86_64-mingw32/nios2-elf/lib\libsmallc.a(lib_a-putc.o)
 .comment       0x000000000000002d       0x2e c:/Workspace/quartus/video_processing/nios_software/nios_ddr3_test_bsp/\libhal_bsp.a(alt_exit.o)

.debug
 *(.debug)

.line
 *(.line)

.debug_srcinfo
 *(.debug_srcinfo)

.debug_sfnames
 *(.debug_sfnames)

.debug_aranges  0x0000000000000000      0x780
 *(.debug_aranges)
 .debug_aranges
                0x0000000000000000       0x28 c:/Workspace/quartus/video_processing/nios_software/nios_ddr3_test_bsp//obj/HAL/src/crt0.o
 .debug_aranges
                0x0000000000000028       0x20 d:/intelfpga_lite/20.1/nios2eds/bin/gnu/h-x86_64-mingw32/bin/../lib/gcc/nios2-elf/10.1.1\libgcc.a(_muldi3.o)
 .debug_aranges
                0x0000000000000048       0x20 d:/intelfpga_lite/20.1/nios2eds/bin/gnu/h-x86_64-mingw32/bin/../lib/gcc/nios2-elf/10.1.1\libgcc.a(_udivdi3.o)
 .debug_aranges
                0x0000000000000068       0x20 d:/intelfpga_lite/20.1/nios2eds/bin/gnu/h-x86_64-mingw32/bin/../lib/gcc/nios2-elf/10.1.1\libgcc.a(lib2-divmod.o)
 .debug_aranges
                0x0000000000000088       0x18 d:/intelfpga_lite/20.1/nios2eds/bin/gnu/h-x86_64-mingw32/bin/../lib/gcc/nios2-elf/10.1.1\libgcc.a(_clz.o)
 .debug_aranges
                0x00000000000000a0       0x28 d:/intelfpga_lite/20.1/nios2eds/bin/gnu/h-x86_64-mingw32/bin/../lib/gcc/nios2-elf/10.1.1/../../../../../H-x86_64-mingw32/nios2-elf/lib\libsmallc.a(lib_a-printf.o)
 .debug_aranges
                0x00000000000000c8       0x28 d:/intelfpga_lite/20.1/nios2eds/bin/gnu/h-x86_64-mingw32/bin/../lib/gcc/nios2-elf/10.1.1/../../../../../H-x86_64-mingw32/nios2-elf/lib\libsmallc.a(lib_a-puts.o)
 .debug_aranges
                0x00000000000000f0       0x20 d:/intelfpga_lite/20.1/nios2eds/bin/gnu/h-x86_64-mingw32/bin/../lib/gcc/nios2-elf/10.1.1/../../../../../H-x86_64-mingw32/nios2-elf/lib\libsmallc.a(lib_a-strlen.o)
 .debug_aranges
                0x0000000000000110       0x30 d:/intelfpga_lite/20.1/nios2eds/bin/gnu/h-x86_64-mingw32/bin/../lib/gcc/nios2-elf/10.1.1/../../../../../H-x86_64-mingw32/nios2-elf/lib\libsmallc.a(lib_a-vfprintf.o)
 .debug_aranges
                0x0000000000000140       0x20 d:/intelfpga_lite/20.1/nios2eds/bin/gnu/h-x86_64-mingw32/bin/../lib/gcc/nios2-elf/10.1.1/../../../../../H-x86_64-mingw32/nios2-elf/lib\libsmallc.a(lib_a-fvwrite_small_dev.o)
 .debug_aranges
                0x0000000000000160       0x18 d:/intelfpga_lite/20.1/nios2eds/bin/gnu/h-x86_64-mingw32/bin/../lib/gcc/nios2-elf/10.1.1/../../../../../H-x86_64-mingw32/nios2-elf/lib\libsmallc.a(lib_a-impure.o)
 .debug_aranges
                0x0000000000000178       0x20 d:/intelfpga_lite/20.1/nios2eds/bin/gnu/h-x86_64-mingw32/bin/../lib/gcc/nios2-elf/10.1.1/../../../../../H-x86_64-mingw32/nios2-elf/lib\libsmallc.a(lib_a-writer.o)
 .debug_aranges
                0x0000000000000198       0x18 d:/intelfpga_lite/20.1/nios2eds/bin/gnu/h-x86_64-mingw32/bin/../lib/gcc/nios2-elf/10.1.1/../../../../../H-x86_64-mingw32/nios2-elf/lib\libsmallc.a(lib_a-int_errno.o)
 .debug_aranges
                0x00000000000001b0       0x20 c:/Workspace/quartus/video_processing/nios_software/nios_ddr3_test_bsp/\libhal_bsp.a(alt_dcache_flush_all.o)
 .debug_aranges
                0x00000000000001d0       0x20 c:/Workspace/quartus/video_processing/nios_software/nios_ddr3_test_bsp/\libhal_bsp.a(alt_load.o)
 .debug_aranges
                0x00000000000001f0       0x20 c:/Workspace/quartus/video_processing/nios_software/nios_ddr3_test_bsp/\libhal_bsp.a(alt_main.o)
 .debug_aranges
                0x0000000000000210       0x20 c:/Workspace/quartus/video_processing/nios_software/nios_ddr3_test_bsp/\libhal_bsp.a(alt_tick.o)
 .debug_aranges
                0x0000000000000230       0x20 c:/Workspace/quartus/video_processing/nios_software/nios_ddr3_test_bsp/\libhal_bsp.a(alt_usleep.o)
 .debug_aranges
                0x0000000000000250       0x20 c:/Workspace/quartus/video_processing/nios_software/nios_ddr3_test_bsp/\libhal_bsp.a(alt_write.o)
 .debug_aranges
                0x0000000000000270       0x20 c:/Workspace/quartus/video_processing/nios_software/nios_ddr3_test_bsp/\libhal_bsp.a(alt_sys_init.o)
 .debug_aranges
                0x0000000000000290       0x20 c:/Workspace/quartus/video_processing/nios_software/nios_ddr3_test_bsp/\libhal_bsp.a(altera_avalon_i2c.o)
 .debug_aranges
                0x00000000000002b0       0x20 c:/Workspace/quartus/video_processing/nios_software/nios_ddr3_test_bsp/\libhal_bsp.a(altera_avalon_jtag_uart_fd.o)
 .debug_aranges
                0x00000000000002d0       0x20 c:/Workspace/quartus/video_processing/nios_software/nios_ddr3_test_bsp/\libhal_bsp.a(altera_avalon_jtag_uart_read.o)
 .debug_aranges
                0x00000000000002f0       0x20 c:/Workspace/quartus/video_processing/nios_software/nios_ddr3_test_bsp/\libhal_bsp.a(altera_avalon_jtag_uart_write.o)
 .debug_aranges
                0x0000000000000310       0x20 c:/Workspace/quartus/video_processing/nios_software/nios_ddr3_test_bsp/\libhal_bsp.a(altera_avalon_timer_sc.o)
 .debug_aranges
                0x0000000000000330       0x20 c:/Workspace/quartus/video_processing/nios_software/nios_ddr3_test_bsp/\libhal_bsp.a(alt_busy_sleep.o)
 .debug_aranges
                0x0000000000000350       0x20 c:/Workspace/quartus/video_processing/nios_software/nios_ddr3_test_bsp/\libhal_bsp.a(alt_close.o)
 .debug_aranges
                0x0000000000000370       0x20 c:/Workspace/quartus/video_processing/nios_software/nios_ddr3_test_bsp/\libhal_bsp.a(alt_dev.o)
 .debug_aranges
                0x0000000000000390       0x20 c:/Workspace/quartus/video_processing/nios_software/nios_ddr3_test_bsp/\libhal_bsp.a(alt_dev_llist_insert.o)
 .debug_aranges
                0x00000000000003b0       0x20 c:/Workspace/quartus/video_processing/nios_software/nios_ddr3_test_bsp/\libhal_bsp.a(alt_do_ctors.o)
 .debug_aranges
                0x00000000000003d0       0x20 c:/Workspace/quartus/video_processing/nios_software/nios_ddr3_test_bsp/\libhal_bsp.a(alt_do_dtors.o)
 .debug_aranges
                0x00000000000003f0       0x18 c:/Workspace/quartus/video_processing/nios_software/nios_ddr3_test_bsp/\libhal_bsp.a(alt_errno.o)
 .debug_aranges
                0x0000000000000408       0x20 c:/Workspace/quartus/video_processing/nios_software/nios_ddr3_test_bsp/\libhal_bsp.a(alt_find_dev.o)
 .debug_aranges
                0x0000000000000428       0x20 c:/Workspace/quartus/video_processing/nios_software/nios_ddr3_test_bsp/\libhal_bsp.a(alt_icache_flush_all.o)
 .debug_aranges
                0x0000000000000448       0x20 c:/Workspace/quartus/video_processing/nios_software/nios_ddr3_test_bsp/\libhal_bsp.a(alt_iic.o)
 .debug_aranges
                0x0000000000000468       0x20 c:/Workspace/quartus/video_processing/nios_software/nios_ddr3_test_bsp/\libhal_bsp.a(alt_iic_isr_register.o)
 .debug_aranges
                0x0000000000000488       0x20 c:/Workspace/quartus/video_processing/nios_software/nios_ddr3_test_bsp/\libhal_bsp.a(alt_io_redirect.o)
 .debug_aranges
                0x00000000000004a8       0x30 c:/Workspace/quartus/video_processing/nios_software/nios_ddr3_test_bsp/\libhal_bsp.a(alt_irq_entry.o)
 .debug_aranges
                0x00000000000004d8       0x20 c:/Workspace/quartus/video_processing/nios_software/nios_ddr3_test_bsp/\libhal_bsp.a(alt_irq_handler.o)
 .debug_aranges
                0x00000000000004f8       0x18 c:/Workspace/quartus/video_processing/nios_software/nios_ddr3_test_bsp/\libhal_bsp.a(alt_irq_vars.o)
 .debug_aranges
                0x0000000000000510       0x20 c:/Workspace/quartus/video_processing/nios_software/nios_ddr3_test_bsp/\libhal_bsp.a(alt_open.o)
 .debug_aranges
                0x0000000000000530       0x20 c:/Workspace/quartus/video_processing/nios_software/nios_ddr3_test_bsp/\libhal_bsp.a(alt_printf.o)
 .debug_aranges
                0x0000000000000550       0x20 c:/Workspace/quartus/video_processing/nios_software/nios_ddr3_test_bsp/\libhal_bsp.a(alt_putchar.o)
 .debug_aranges
                0x0000000000000570       0x20 c:/Workspace/quartus/video_processing/nios_software/nios_ddr3_test_bsp/\libhal_bsp.a(alt_release_fd.o)
 .debug_aranges
                0x0000000000000590       0x20 c:/Workspace/quartus/video_processing/nios_software/nios_ddr3_test_bsp/\libhal_bsp.a(altera_nios2_gen2_irq.o)
 .debug_aranges
                0x00000000000005b0       0x38 c:/Workspace/quartus/video_processing/nios_software/nios_ddr3_test_bsp/\libhal_bsp.a(alt_exception_entry.o)
 .debug_aranges
                0x00000000000005e8       0x20 c:/Workspace/quartus/video_processing/nios_software/nios_ddr3_test_bsp/\libhal_bsp.a(alt_find_file.o)
 .debug_aranges
                0x0000000000000608       0x20 c:/Workspace/quartus/video_processing/nios_software/nios_ddr3_test_bsp/\libhal_bsp.a(alt_get_fd.o)
 .debug_aranges
                0x0000000000000628       0x20 c:/Workspace/quartus/video_processing/nios_software/nios_ddr3_test_bsp/\libhal_bsp.a(alt_icache_flush.o)
 .debug_aranges
                0x0000000000000648       0x28 c:/Workspace/quartus/video_processing/nios_software/nios_ddr3_test_bsp/\libhal_bsp.a(alt_instruction_exception_entry.o)
 .debug_aranges
                0x0000000000000670       0x20 d:/intelfpga_lite/20.1/nios2eds/bin/gnu/h-x86_64-mingw32/bin/../lib/gcc/nios2-elf/10.1.1/../../../../../H-x86_64-mingw32/nios2-elf/lib\libsmallc.a(lib_a-atexit.o)
 .debug_aranges
                0x0000000000000690       0x20 d:/intelfpga_lite/20.1/nios2eds/bin/gnu/h-x86_64-mingw32/bin/../lib/gcc/nios2-elf/10.1.1/../../../../../H-x86_64-mingw32/nios2-elf/lib\libsmallc.a(lib_a-exit.o)
 .debug_aranges
                0x00000000000006b0       0x20 d:/intelfpga_lite/20.1/nios2eds/bin/gnu/h-x86_64-mingw32/bin/../lib/gcc/nios2-elf/10.1.1/../../../../../H-x86_64-mingw32/nios2-elf/lib\libsmallc.a(lib_a-memcmp.o)
 .debug_aranges
                0x00000000000006d0       0x28 d:/intelfpga_lite/20.1/nios2eds/bin/gnu/h-x86_64-mingw32/bin/../lib/gcc/nios2-elf/10.1.1/../../../../../H-x86_64-mingw32/nios2-elf/lib\libsmallc.a(lib_a-putchar.o)
 .debug_aranges
                0x00000000000006f8       0x20 d:/intelfpga_lite/20.1/nios2eds/bin/gnu/h-x86_64-mingw32/bin/../lib/gcc/nios2-elf/10.1.1/../../../../../H-x86_64-mingw32/nios2-elf/lib\libsmallc.a(lib_a-__atexit.o)
 .debug_aranges
                0x0000000000000718       0x20 d:/intelfpga_lite/20.1/nios2eds/bin/gnu/h-x86_64-mingw32/bin/../lib/gcc/nios2-elf/10.1.1/../../../../../H-x86_64-mingw32/nios2-elf/lib\libsmallc.a(lib_a-__call_atexit.o)
 .debug_aranges
                0x0000000000000738       0x28 d:/intelfpga_lite/20.1/nios2eds/bin/gnu/h-x86_64-mingw32/bin/../lib/gcc/nios2-elf/10.1.1/../../../../../H-x86_64-mingw32/nios2-elf/lib\libsmallc.a(lib_a-putc.o)
 .debug_aranges
                0x0000000000000760       0x20 c:/Workspace/quartus/video_processing/nios_software/nios_ddr3_test_bsp/\libhal_bsp.a(alt_exit.o)

.debug_pubnames
 *(.debug_pubnames)

.debug_info     0x0000000000000000     0xb8ed
 *(.debug_info .gnu.linkonce.wi.*)
 .debug_info    0x0000000000000000       0x22 c:/Workspace/quartus/video_processing/nios_software/nios_ddr3_test_bsp//obj/HAL/src/crt0.o
 .debug_info    0x0000000000000022      0x22d d:/intelfpga_lite/20.1/nios2eds/bin/gnu/h-x86_64-mingw32/bin/../lib/gcc/nios2-elf/10.1.1\libgcc.a(_muldi3.o)
 .debug_info    0x000000000000024f      0x916 d:/intelfpga_lite/20.1/nios2eds/bin/gnu/h-x86_64-mingw32/bin/../lib/gcc/nios2-elf/10.1.1\libgcc.a(_udivdi3.o)
 .debug_info    0x0000000000000b65      0x368 d:/intelfpga_lite/20.1/nios2eds/bin/gnu/h-x86_64-mingw32/bin/../lib/gcc/nios2-elf/10.1.1\libgcc.a(lib2-divmod.o)
 .debug_info    0x0000000000000ecd       0xc2 d:/intelfpga_lite/20.1/nios2eds/bin/gnu/h-x86_64-mingw32/bin/../lib/gcc/nios2-elf/10.1.1\libgcc.a(_clz.o)
 .debug_info    0x0000000000000f8f      0x72b d:/intelfpga_lite/20.1/nios2eds/bin/gnu/h-x86_64-mingw32/bin/../lib/gcc/nios2-elf/10.1.1/../../../../../H-x86_64-mingw32/nios2-elf/lib\libsmallc.a(lib_a-printf.o)
 .debug_info    0x00000000000016ba      0x6ea d:/intelfpga_lite/20.1/nios2eds/bin/gnu/h-x86_64-mingw32/bin/../lib/gcc/nios2-elf/10.1.1/../../../../../H-x86_64-mingw32/nios2-elf/lib\libsmallc.a(lib_a-puts.o)
 .debug_info    0x0000000000001da4       0xd0 d:/intelfpga_lite/20.1/nios2eds/bin/gnu/h-x86_64-mingw32/bin/../lib/gcc/nios2-elf/10.1.1/../../../../../H-x86_64-mingw32/nios2-elf/lib\libsmallc.a(lib_a-strlen.o)
 .debug_info    0x0000000000001e74      0xea3 d:/intelfpga_lite/20.1/nios2eds/bin/gnu/h-x86_64-mingw32/bin/../lib/gcc/nios2-elf/10.1.1/../../../../../H-x86_64-mingw32/nios2-elf/lib\libsmallc.a(lib_a-vfprintf.o)
 .debug_info    0x0000000000002d17      0x6b3 d:/intelfpga_lite/20.1/nios2eds/bin/gnu/h-x86_64-mingw32/bin/../lib/gcc/nios2-elf/10.1.1/../../../../../H-x86_64-mingw32/nios2-elf/lib\libsmallc.a(lib_a-fvwrite_small_dev.o)
 .debug_info    0x00000000000033ca      0x61e d:/intelfpga_lite/20.1/nios2eds/bin/gnu/h-x86_64-mingw32/bin/../lib/gcc/nios2-elf/10.1.1/../../../../../H-x86_64-mingw32/nios2-elf/lib\libsmallc.a(lib_a-impure.o)
 .debug_info    0x00000000000039e8      0x6b3 d:/intelfpga_lite/20.1/nios2eds/bin/gnu/h-x86_64-mingw32/bin/../lib/gcc/nios2-elf/10.1.1/../../../../../H-x86_64-mingw32/nios2-elf/lib\libsmallc.a(lib_a-writer.o)
 .debug_info    0x000000000000409b       0x84 d:/intelfpga_lite/20.1/nios2eds/bin/gnu/h-x86_64-mingw32/bin/../lib/gcc/nios2-elf/10.1.1/../../../../../H-x86_64-mingw32/nios2-elf/lib\libsmallc.a(lib_a-int_errno.o)
 .debug_info    0x000000000000411f       0xa0 c:/Workspace/quartus/video_processing/nios_software/nios_ddr3_test_bsp/\libhal_bsp.a(alt_dcache_flush_all.o)
 .debug_info    0x00000000000041bf      0x14d c:/Workspace/quartus/video_processing/nios_software/nios_ddr3_test_bsp/\libhal_bsp.a(alt_load.o)
 .debug_info    0x000000000000430c       0xef c:/Workspace/quartus/video_processing/nios_software/nios_ddr3_test_bsp/\libhal_bsp.a(alt_main.o)
 .debug_info    0x00000000000043fb      0x2bd c:/Workspace/quartus/video_processing/nios_software/nios_ddr3_test_bsp/\libhal_bsp.a(alt_tick.o)
 .debug_info    0x00000000000046b8       0xb7 c:/Workspace/quartus/video_processing/nios_software/nios_ddr3_test_bsp/\libhal_bsp.a(alt_usleep.o)
 .debug_info    0x000000000000476f      0x55c c:/Workspace/quartus/video_processing/nios_software/nios_ddr3_test_bsp/\libhal_bsp.a(alt_write.o)
 .debug_info    0x0000000000004ccb      0x4e9 c:/Workspace/quartus/video_processing/nios_software/nios_ddr3_test_bsp/\libhal_bsp.a(alt_sys_init.o)
 .debug_info    0x00000000000051b4     0x1174 c:/Workspace/quartus/video_processing/nios_software/nios_ddr3_test_bsp/\libhal_bsp.a(altera_avalon_i2c.o)
 .debug_info    0x0000000000006328      0x398 c:/Workspace/quartus/video_processing/nios_software/nios_ddr3_test_bsp/\libhal_bsp.a(altera_avalon_jtag_uart_fd.o)
 .debug_info    0x00000000000066c0      0x151 c:/Workspace/quartus/video_processing/nios_software/nios_ddr3_test_bsp/\libhal_bsp.a(altera_avalon_jtag_uart_read.o)
 .debug_info    0x0000000000006811      0x132 c:/Workspace/quartus/video_processing/nios_software/nios_ddr3_test_bsp/\libhal_bsp.a(altera_avalon_jtag_uart_write.o)
 .debug_info    0x0000000000006943      0x1d5 c:/Workspace/quartus/video_processing/nios_software/nios_ddr3_test_bsp/\libhal_bsp.a(altera_avalon_timer_sc.o)
 .debug_info    0x0000000000006b18       0xd6 c:/Workspace/quartus/video_processing/nios_software/nios_ddr3_test_bsp/\libhal_bsp.a(alt_busy_sleep.o)
 .debug_info    0x0000000000006bee      0x32c c:/Workspace/quartus/video_processing/nios_software/nios_ddr3_test_bsp/\libhal_bsp.a(alt_close.o)
 .debug_info    0x0000000000006f1a      0x57d c:/Workspace/quartus/video_processing/nios_software/nios_ddr3_test_bsp/\libhal_bsp.a(alt_dev.o)
 .debug_info    0x0000000000007497      0x1b0 c:/Workspace/quartus/video_processing/nios_software/nios_ddr3_test_bsp/\libhal_bsp.a(alt_dev_llist_insert.o)
 .debug_info    0x0000000000007647       0x88 c:/Workspace/quartus/video_processing/nios_software/nios_ddr3_test_bsp/\libhal_bsp.a(alt_do_ctors.o)
 .debug_info    0x00000000000076cf       0x88 c:/Workspace/quartus/video_processing/nios_software/nios_ddr3_test_bsp/\libhal_bsp.a(alt_do_dtors.o)
 .debug_info    0x0000000000007757       0x9d c:/Workspace/quartus/video_processing/nios_software/nios_ddr3_test_bsp/\libhal_bsp.a(alt_errno.o)
 .debug_info    0x00000000000077f4      0x2ee c:/Workspace/quartus/video_processing/nios_software/nios_ddr3_test_bsp/\libhal_bsp.a(alt_find_dev.o)
 .debug_info    0x0000000000007ae2       0x8c c:/Workspace/quartus/video_processing/nios_software/nios_ddr3_test_bsp/\libhal_bsp.a(alt_icache_flush_all.o)
 .debug_info    0x0000000000007b6e      0x32c c:/Workspace/quartus/video_processing/nios_software/nios_ddr3_test_bsp/\libhal_bsp.a(alt_iic.o)
 .debug_info    0x0000000000007e9a      0x1f0 c:/Workspace/quartus/video_processing/nios_software/nios_ddr3_test_bsp/\libhal_bsp.a(alt_iic_isr_register.o)
 .debug_info    0x000000000000808a      0x546 c:/Workspace/quartus/video_processing/nios_software/nios_ddr3_test_bsp/\libhal_bsp.a(alt_io_redirect.o)
 .debug_info    0x00000000000085d0       0x22 c:/Workspace/quartus/video_processing/nios_software/nios_ddr3_test_bsp/\libhal_bsp.a(alt_irq_entry.o)
 .debug_info    0x00000000000085f2      0x175 c:/Workspace/quartus/video_processing/nios_software/nios_ddr3_test_bsp/\libhal_bsp.a(alt_irq_handler.o)
 .debug_info    0x0000000000008767       0x8b c:/Workspace/quartus/video_processing/nios_software/nios_ddr3_test_bsp/\libhal_bsp.a(alt_irq_vars.o)
 .debug_info    0x00000000000087f2      0x3dd c:/Workspace/quartus/video_processing/nios_software/nios_ddr3_test_bsp/\libhal_bsp.a(alt_open.o)
 .debug_info    0x0000000000008bcf      0x125 c:/Workspace/quartus/video_processing/nios_software/nios_ddr3_test_bsp/\libhal_bsp.a(alt_printf.o)
 .debug_info    0x0000000000008cf4       0x9e c:/Workspace/quartus/video_processing/nios_software/nios_ddr3_test_bsp/\libhal_bsp.a(alt_putchar.o)
 .debug_info    0x0000000000008d92      0x2b9 c:/Workspace/quartus/video_processing/nios_software/nios_ddr3_test_bsp/\libhal_bsp.a(alt_release_fd.o)
 .debug_info    0x000000000000904b       0x8c c:/Workspace/quartus/video_processing/nios_software/nios_ddr3_test_bsp/\libhal_bsp.a(altera_nios2_gen2_irq.o)
 .debug_info    0x00000000000090d7       0x22 c:/Workspace/quartus/video_processing/nios_software/nios_ddr3_test_bsp/\libhal_bsp.a(alt_exception_entry.o)
 .debug_info    0x00000000000090f9      0x2eb c:/Workspace/quartus/video_processing/nios_software/nios_ddr3_test_bsp/\libhal_bsp.a(alt_find_file.o)
 .debug_info    0x00000000000093e4      0x31c c:/Workspace/quartus/video_processing/nios_software/nios_ddr3_test_bsp/\libhal_bsp.a(alt_get_fd.o)
 .debug_info    0x0000000000009700       0xdb c:/Workspace/quartus/video_processing/nios_software/nios_ddr3_test_bsp/\libhal_bsp.a(alt_icache_flush.o)
 .debug_info    0x00000000000097db      0x1f1 c:/Workspace/quartus/video_processing/nios_software/nios_ddr3_test_bsp/\libhal_bsp.a(alt_instruction_exception_entry.o)
 .debug_info    0x00000000000099cc      0x100 d:/intelfpga_lite/20.1/nios2eds/bin/gnu/h-x86_64-mingw32/bin/../lib/gcc/nios2-elf/10.1.1/../../../../../H-x86_64-mingw32/nios2-elf/lib\libsmallc.a(lib_a-atexit.o)
 .debug_info    0x0000000000009acc       0xe6 d:/intelfpga_lite/20.1/nios2eds/bin/gnu/h-x86_64-mingw32/bin/../lib/gcc/nios2-elf/10.1.1/../../../../../H-x86_64-mingw32/nios2-elf/lib\libsmallc.a(lib_a-exit.o)
 .debug_info    0x0000000000009bb2      0x100 d:/intelfpga_lite/20.1/nios2eds/bin/gnu/h-x86_64-mingw32/bin/../lib/gcc/nios2-elf/10.1.1/../../../../../H-x86_64-mingw32/nios2-elf/lib\libsmallc.a(lib_a-memcmp.o)
 .debug_info    0x0000000000009cb2      0x6a5 d:/intelfpga_lite/20.1/nios2eds/bin/gnu/h-x86_64-mingw32/bin/../lib/gcc/nios2-elf/10.1.1/../../../../../H-x86_64-mingw32/nios2-elf/lib\libsmallc.a(lib_a-putchar.o)
 .debug_info    0x000000000000a357      0x6e0 d:/intelfpga_lite/20.1/nios2eds/bin/gnu/h-x86_64-mingw32/bin/../lib/gcc/nios2-elf/10.1.1/../../../../../H-x86_64-mingw32/nios2-elf/lib\libsmallc.a(lib_a-__atexit.o)
 .debug_info    0x000000000000aa37      0x6e0 d:/intelfpga_lite/20.1/nios2eds/bin/gnu/h-x86_64-mingw32/bin/../lib/gcc/nios2-elf/10.1.1/../../../../../H-x86_64-mingw32/nios2-elf/lib\libsmallc.a(lib_a-__call_atexit.o)
 .debug_info    0x000000000000b117      0x6f5 d:/intelfpga_lite/20.1/nios2eds/bin/gnu/h-x86_64-mingw32/bin/../lib/gcc/nios2-elf/10.1.1/../../../../../H-x86_64-mingw32/nios2-elf/lib\libsmallc.a(lib_a-putc.o)
 .debug_info    0x000000000000b80c       0xe1 c:/Workspace/quartus/video_processing/nios_software/nios_ddr3_test_bsp/\libhal_bsp.a(alt_exit.o)

.debug_abbrev   0x0000000000000000     0x3d0b
 *(.debug_abbrev)
 .debug_abbrev  0x0000000000000000       0x12 c:/Workspace/quartus/video_processing/nios_software/nios_ddr3_test_bsp//obj/HAL/src/crt0.o
 .debug_abbrev  0x0000000000000012       0xfa d:/intelfpga_lite/20.1/nios2eds/bin/gnu/h-x86_64-mingw32/bin/../lib/gcc/nios2-elf/10.1.1\libgcc.a(_muldi3.o)
 .debug_abbrev  0x000000000000010c      0x1b4 d:/intelfpga_lite/20.1/nios2eds/bin/gnu/h-x86_64-mingw32/bin/../lib/gcc/nios2-elf/10.1.1\libgcc.a(_udivdi3.o)
 .debug_abbrev  0x00000000000002c0      0x103 d:/intelfpga_lite/20.1/nios2eds/bin/gnu/h-x86_64-mingw32/bin/../lib/gcc/nios2-elf/10.1.1\libgcc.a(lib2-divmod.o)
 .debug_abbrev  0x00000000000003c3       0x70 d:/intelfpga_lite/20.1/nios2eds/bin/gnu/h-x86_64-mingw32/bin/../lib/gcc/nios2-elf/10.1.1\libgcc.a(_clz.o)
 .debug_abbrev  0x0000000000000433      0x216 d:/intelfpga_lite/20.1/nios2eds/bin/gnu/h-x86_64-mingw32/bin/../lib/gcc/nios2-elf/10.1.1/../../../../../H-x86_64-mingw32/nios2-elf/lib\libsmallc.a(lib_a-printf.o)
 .debug_abbrev  0x0000000000000649      0x20b d:/intelfpga_lite/20.1/nios2eds/bin/gnu/h-x86_64-mingw32/bin/../lib/gcc/nios2-elf/10.1.1/../../../../../H-x86_64-mingw32/nios2-elf/lib\libsmallc.a(lib_a-puts.o)
 .debug_abbrev  0x0000000000000854       0x8d d:/intelfpga_lite/20.1/nios2eds/bin/gnu/h-x86_64-mingw32/bin/../lib/gcc/nios2-elf/10.1.1/../../../../../H-x86_64-mingw32/nios2-elf/lib\libsmallc.a(lib_a-strlen.o)
 .debug_abbrev  0x00000000000008e1      0x2f7 d:/intelfpga_lite/20.1/nios2eds/bin/gnu/h-x86_64-mingw32/bin/../lib/gcc/nios2-elf/10.1.1/../../../../../H-x86_64-mingw32/nios2-elf/lib\libsmallc.a(lib_a-vfprintf.o)
 .debug_abbrev  0x0000000000000bd8      0x1ed d:/intelfpga_lite/20.1/nios2eds/bin/gnu/h-x86_64-mingw32/bin/../lib/gcc/nios2-elf/10.1.1/../../../../../H-x86_64-mingw32/nios2-elf/lib\libsmallc.a(lib_a-fvwrite_small_dev.o)
 .debug_abbrev  0x0000000000000dc5      0x17a d:/intelfpga_lite/20.1/nios2eds/bin/gnu/h-x86_64-mingw32/bin/../lib/gcc/nios2-elf/10.1.1/../../../../../H-x86_64-mingw32/nios2-elf/lib\libsmallc.a(lib_a-impure.o)
 .debug_abbrev  0x0000000000000f3f      0x1d9 d:/intelfpga_lite/20.1/nios2eds/bin/gnu/h-x86_64-mingw32/bin/../lib/gcc/nios2-elf/10.1.1/../../../../../H-x86_64-mingw32/nios2-elf/lib\libsmallc.a(lib_a-writer.o)
 .debug_abbrev  0x0000000000001118       0x39 d:/intelfpga_lite/20.1/nios2eds/bin/gnu/h-x86_64-mingw32/bin/../lib/gcc/nios2-elf/10.1.1/../../../../../H-x86_64-mingw32/nios2-elf/lib\libsmallc.a(lib_a-int_errno.o)
 .debug_abbrev  0x0000000000001151       0x5e c:/Workspace/quartus/video_processing/nios_software/nios_ddr3_test_bsp/\libhal_bsp.a(alt_dcache_flush_all.o)
 .debug_abbrev  0x00000000000011af       0xab c:/Workspace/quartus/video_processing/nios_software/nios_ddr3_test_bsp/\libhal_bsp.a(alt_load.o)
 .debug_abbrev  0x000000000000125a       0x86 c:/Workspace/quartus/video_processing/nios_software/nios_ddr3_test_bsp/\libhal_bsp.a(alt_main.o)
 .debug_abbrev  0x00000000000012e0      0x17a c:/Workspace/quartus/video_processing/nios_software/nios_ddr3_test_bsp/\libhal_bsp.a(alt_tick.o)
 .debug_abbrev  0x000000000000145a       0x66 c:/Workspace/quartus/video_processing/nios_software/nios_ddr3_test_bsp/\libhal_bsp.a(alt_usleep.o)
 .debug_abbrev  0x00000000000014c0      0x149 c:/Workspace/quartus/video_processing/nios_software/nios_ddr3_test_bsp/\libhal_bsp.a(alt_write.o)
 .debug_abbrev  0x0000000000001609      0x193 c:/Workspace/quartus/video_processing/nios_software/nios_ddr3_test_bsp/\libhal_bsp.a(alt_sys_init.o)
 .debug_abbrev  0x000000000000179c      0x33b c:/Workspace/quartus/video_processing/nios_software/nios_ddr3_test_bsp/\libhal_bsp.a(altera_avalon_i2c.o)
 .debug_abbrev  0x0000000000001ad7      0x10b c:/Workspace/quartus/video_processing/nios_software/nios_ddr3_test_bsp/\libhal_bsp.a(altera_avalon_jtag_uart_fd.o)
 .debug_abbrev  0x0000000000001be2       0xcd c:/Workspace/quartus/video_processing/nios_software/nios_ddr3_test_bsp/\libhal_bsp.a(altera_avalon_jtag_uart_read.o)
 .debug_abbrev  0x0000000000001caf       0xcd c:/Workspace/quartus/video_processing/nios_software/nios_ddr3_test_bsp/\libhal_bsp.a(altera_avalon_jtag_uart_write.o)
 .debug_abbrev  0x0000000000001d7c      0x14b c:/Workspace/quartus/video_processing/nios_software/nios_ddr3_test_bsp/\libhal_bsp.a(altera_avalon_timer_sc.o)
 .debug_abbrev  0x0000000000001ec7       0x88 c:/Workspace/quartus/video_processing/nios_software/nios_ddr3_test_bsp/\libhal_bsp.a(alt_busy_sleep.o)
 .debug_abbrev  0x0000000000001f4f      0x133 c:/Workspace/quartus/video_processing/nios_software/nios_ddr3_test_bsp/\libhal_bsp.a(alt_close.o)
 .debug_abbrev  0x0000000000002082      0x117 c:/Workspace/quartus/video_processing/nios_software/nios_ddr3_test_bsp/\libhal_bsp.a(alt_dev.o)
 .debug_abbrev  0x0000000000002199      0x12a c:/Workspace/quartus/video_processing/nios_software/nios_ddr3_test_bsp/\libhal_bsp.a(alt_dev_llist_insert.o)
 .debug_abbrev  0x00000000000022c3       0x81 c:/Workspace/quartus/video_processing/nios_software/nios_ddr3_test_bsp/\libhal_bsp.a(alt_do_ctors.o)
 .debug_abbrev  0x0000000000002344       0x81 c:/Workspace/quartus/video_processing/nios_software/nios_ddr3_test_bsp/\libhal_bsp.a(alt_do_dtors.o)
 .debug_abbrev  0x00000000000023c5       0x5a c:/Workspace/quartus/video_processing/nios_software/nios_ddr3_test_bsp/\libhal_bsp.a(alt_errno.o)
 .debug_abbrev  0x000000000000241f       0xed c:/Workspace/quartus/video_processing/nios_software/nios_ddr3_test_bsp/\libhal_bsp.a(alt_find_dev.o)
 .debug_abbrev  0x000000000000250c       0x44 c:/Workspace/quartus/video_processing/nios_software/nios_ddr3_test_bsp/\libhal_bsp.a(alt_icache_flush_all.o)
 .debug_abbrev  0x0000000000002550      0x189 c:/Workspace/quartus/video_processing/nios_software/nios_ddr3_test_bsp/\libhal_bsp.a(alt_iic.o)
 .debug_abbrev  0x00000000000026d9      0x17c c:/Workspace/quartus/video_processing/nios_software/nios_ddr3_test_bsp/\libhal_bsp.a(alt_iic_isr_register.o)
 .debug_abbrev  0x0000000000002855      0x126 c:/Workspace/quartus/video_processing/nios_software/nios_ddr3_test_bsp/\libhal_bsp.a(alt_io_redirect.o)
 .debug_abbrev  0x000000000000297b       0x12 c:/Workspace/quartus/video_processing/nios_software/nios_ddr3_test_bsp/\libhal_bsp.a(alt_irq_entry.o)
 .debug_abbrev  0x000000000000298d      0x12d c:/Workspace/quartus/video_processing/nios_software/nios_ddr3_test_bsp/\libhal_bsp.a(alt_irq_handler.o)
 .debug_abbrev  0x0000000000002aba       0x44 c:/Workspace/quartus/video_processing/nios_software/nios_ddr3_test_bsp/\libhal_bsp.a(alt_irq_vars.o)
 .debug_abbrev  0x0000000000002afe      0x160 c:/Workspace/quartus/video_processing/nios_software/nios_ddr3_test_bsp/\libhal_bsp.a(alt_open.o)
 .debug_abbrev  0x0000000000002c5e       0xba c:/Workspace/quartus/video_processing/nios_software/nios_ddr3_test_bsp/\libhal_bsp.a(alt_printf.o)